Archive member included to satisfy reference by file (symbol)

d:/program files/stm32cubeide_1.2.0/stm32cubeide/plugins/com.st.stm32cube.ide.mcu.externaltools.gnu-tools-for-stm32.7-2018-q2-update.win32_1.5.0.202011040924/tools/bin/../lib/gcc/arm-none-eabi/7.3.1/../../../../arm-none-eabi/lib/thumb/v7-m\libc_nano.a(lib_a-errno.o)
                              Core/Src/syscalls.o (__errno)
d:/program files/stm32cubeide_1.2.0/stm32cubeide/plugins/com.st.stm32cube.ide.mcu.externaltools.gnu-tools-for-stm32.7-2018-q2-update.win32_1.5.0.202011040924/tools/bin/../lib/gcc/arm-none-eabi/7.3.1/../../../../arm-none-eabi/lib/thumb/v7-m\libc_nano.a(lib_a-exit.o)
                              d:/program files/stm32cubeide_1.2.0/stm32cubeide/plugins/com.st.stm32cube.ide.mcu.externaltools.gnu-tools-for-stm32.7-2018-q2-update.win32_1.5.0.202011040924/tools/bin/../lib/gcc/arm-none-eabi/7.3.1/../../../../arm-none-eabi/lib/thumb/v7-m/crt0.o (exit)
d:/program files/stm32cubeide_1.2.0/stm32cubeide/plugins/com.st.stm32cube.ide.mcu.externaltools.gnu-tools-for-stm32.7-2018-q2-update.win32_1.5.0.202011040924/tools/bin/../lib/gcc/arm-none-eabi/7.3.1/../../../../arm-none-eabi/lib/thumb/v7-m\libc_nano.a(lib_a-impure.o)
                              d:/program files/stm32cubeide_1.2.0/stm32cubeide/plugins/com.st.stm32cube.ide.mcu.externaltools.gnu-tools-for-stm32.7-2018-q2-update.win32_1.5.0.202011040924/tools/bin/../lib/gcc/arm-none-eabi/7.3.1/../../../../arm-none-eabi/lib/thumb/v7-m\libc_nano.a(lib_a-exit.o) (_global_impure_ptr)
d:/program files/stm32cubeide_1.2.0/stm32cubeide/plugins/com.st.stm32cube.ide.mcu.externaltools.gnu-tools-for-stm32.7-2018-q2-update.win32_1.5.0.202011040924/tools/bin/../lib/gcc/arm-none-eabi/7.3.1/../../../../arm-none-eabi/lib/thumb/v7-m\libc_nano.a(lib_a-init.o)
                              d:/program files/stm32cubeide_1.2.0/stm32cubeide/plugins/com.st.stm32cube.ide.mcu.externaltools.gnu-tools-for-stm32.7-2018-q2-update.win32_1.5.0.202011040924/tools/bin/../lib/gcc/arm-none-eabi/7.3.1/../../../../arm-none-eabi/lib/thumb/v7-m/crt0.o (__libc_init_array)
d:/program files/stm32cubeide_1.2.0/stm32cubeide/plugins/com.st.stm32cube.ide.mcu.externaltools.gnu-tools-for-stm32.7-2018-q2-update.win32_1.5.0.202011040924/tools/bin/../lib/gcc/arm-none-eabi/7.3.1/../../../../arm-none-eabi/lib/thumb/v7-m\libc_nano.a(lib_a-memset.o)
                              d:/program files/stm32cubeide_1.2.0/stm32cubeide/plugins/com.st.stm32cube.ide.mcu.externaltools.gnu-tools-for-stm32.7-2018-q2-update.win32_1.5.0.202011040924/tools/bin/../lib/gcc/arm-none-eabi/7.3.1/../../../../arm-none-eabi/lib/thumb/v7-m/crt0.o (memset)

Allocating common symbols
Common symbol       size              file

hdma_i2c1_tx        0x44              Core/Src/i2c.o
hi2c1               0x54              Core/Src/i2c.o
uwTick              0x4               Drivers/STM32F1xx_HAL_Driver/Src/stm32f1xx_hal.o
pFlash              0x20              Drivers/STM32F1xx_HAL_Driver/Src/stm32f1xx_hal_flash.o
saveStateFlag       0x1               Impl/Src/app.o
htim3               0x48              Core/Src/tim.o
state               0x16              Impl/Src/app.o
hadc1               0x30              Core/Src/adc.o
motor1_prev_state   0x1               Impl/Src/encoder.o
motor1_initial_state
                    0x1               Impl/Src/encoder.o
hdma_adc1           0x44              Core/Src/adc.o
hdma_i2c1_rx        0x44              Core/Src/i2c.o
htim2               0x48              Core/Src/tim.o
findZeroTicks       0x4               Impl/Src/power.o

Discarded input sections

 .text          0x0000000000000000        0x0 d:/program files/stm32cubeide_1.2.0/stm32cubeide/plugins/com.st.stm32cube.ide.mcu.externaltools.gnu-tools-for-stm32.7-2018-q2-update.win32_1.5.0.202011040924/tools/bin/../lib/gcc/arm-none-eabi/7.3.1/thumb/v7-m/crti.o
 .data          0x0000000000000000        0x0 d:/program files/stm32cubeide_1.2.0/stm32cubeide/plugins/com.st.stm32cube.ide.mcu.externaltools.gnu-tools-for-stm32.7-2018-q2-update.win32_1.5.0.202011040924/tools/bin/../lib/gcc/arm-none-eabi/7.3.1/thumb/v7-m/crti.o
 .bss           0x0000000000000000        0x0 d:/program files/stm32cubeide_1.2.0/stm32cubeide/plugins/com.st.stm32cube.ide.mcu.externaltools.gnu-tools-for-stm32.7-2018-q2-update.win32_1.5.0.202011040924/tools/bin/../lib/gcc/arm-none-eabi/7.3.1/thumb/v7-m/crti.o
 .data          0x0000000000000000        0x4 d:/program files/stm32cubeide_1.2.0/stm32cubeide/plugins/com.st.stm32cube.ide.mcu.externaltools.gnu-tools-for-stm32.7-2018-q2-update.win32_1.5.0.202011040924/tools/bin/../lib/gcc/arm-none-eabi/7.3.1/thumb/v7-m/crtbegin.o
 .text          0x0000000000000000       0x74 d:/program files/stm32cubeide_1.2.0/stm32cubeide/plugins/com.st.stm32cube.ide.mcu.externaltools.gnu-tools-for-stm32.7-2018-q2-update.win32_1.5.0.202011040924/tools/bin/../lib/gcc/arm-none-eabi/7.3.1/../../../../arm-none-eabi/lib/thumb/v7-m/crt0.o
[...]
Memory Configuration

Name             Origin             Length             Attributes
RAM              0x0000000020000000 0x000000000000c000 xrw
FLASH            0x0000000008000000 0x0000000000040000 xr
*default*        0x0000000000000000 0xffffffffffffffff

Linker script and memory map

LOAD d:/program files/stm32cubeide_1.2.0/stm32cubeide/plugins/com.st.stm32cube.ide.mcu.externaltools.gnu-tools-for-stm32.7-2018-q2-update.win32_1.5.0.202011040924/tools/bin/../lib/gcc/arm-none-eabi/7.3.1/thumb/v7-m/crti.o
LOAD d:/program files/stm32cubeide_1.2.0/stm32cubeide/plugins/com.st.stm32cube.ide.mcu.externaltools.gnu-tools-for-stm32.7-2018-q2-update.win32_1.5.0.202011040924/tools/bin/../lib/gcc/arm-none-eabi/7.3.1/thumb/v7-m/crtbegin.o
LOAD d:/program files/stm32cubeide_1.2.0/stm32cubeide/plugins/com.st.stm32cube.ide.mcu.externaltools.gnu-tools-for-stm32.7-2018-q2-update.win32_1.5.0.202011040924/tools/bin/../lib/gcc/arm-none-eabi/7.3.1/../../../../arm-none-eabi/lib/thumb/v7-m/crt0.o
LOAD Core/Src/adc.o
LOAD Core/Src/dma.o
LOAD Core/Src/gpio.o
LOAD Core/Src/i2c.o
LOAD Core/Src/main.o
LOAD Core/Src/stm32f1xx_hal_msp.o
LOAD Core/Src/stm32f1xx_it.o
LOAD Core/Src/syscalls.o
LOAD Core/Src/sysmem.o
LOAD Core/Src/system_stm32f1xx.o
LOAD Core/Src/tim.o
LOAD Core/Startup/startup_stm32f103rctx.o
LOAD Drivers/STM32F1xx_HAL_Driver/Src/stm32f1xx_hal.o
LOAD Drivers/STM32F1xx_HAL_Driver/Src/stm32f1xx_hal_adc.o
LOAD Drivers/STM32F1xx_HAL_Driver/Src/stm32f1xx_hal_adc_ex.o
LOAD Drivers/STM32F1xx_HAL_Driver/Src/stm32f1xx_hal_cortex.o
LOAD Drivers/STM32F1xx_HAL_Driver/Src/stm32f1xx_hal_dma.o
LOAD Drivers/STM32F1xx_HAL_Driver/Src/stm32f1xx_hal_exti.o
LOAD Drivers/STM32F1xx_HAL_Driver/Src/stm32f1xx_hal_flash.o
LOAD Drivers/STM32F1xx_HAL_Driver/Src/stm32f1xx_hal_flash_ex.o
LOAD Drivers/STM32F1xx_HAL_Driver/Src/stm32f1xx_hal_gpio.o
LOAD Drivers/STM32F1xx_HAL_Driver/Src/stm32f1xx_hal_gpio_ex.o
LOAD Drivers/STM32F1xx_HAL_Driver/Src/stm32f1xx_hal_i2c.o
LOAD Drivers/STM32F1xx_HAL_Driver/Src/stm32f1xx_hal_pwr.o
LOAD Drivers/STM32F1xx_HAL_Driver/Src/stm32f1xx_hal_rcc.o
LOAD Drivers/STM32F1xx_HAL_Driver/Src/stm32f1xx_hal_rcc_ex.o
LOAD Drivers/STM32F1xx_HAL_Driver/Src/stm32f1xx_hal_tim.o
LOAD Drivers/STM32F1xx_HAL_Driver/Src/stm32f1xx_hal_tim_ex.o
LOAD Impl/Src/app.o
LOAD Impl/Src/appState.o
LOAD Impl/Src/bridge.o
LOAD Impl/Src/buttons.o
LOAD Impl/Src/ee24.o
LOAD Impl/Src/encoder.o
LOAD Impl/Src/power.o
LOAD Impl/Src/powerMonitor.o
START GROUP
LOAD d:/program files/stm32cubeide_1.2.0/stm32cubeide/plugins/com.st.stm32cube.ide.mcu.externaltools.gnu-tools-for-stm32.7-2018-q2-update.win32_1.5.0.202011040924/tools/bin/../lib/gcc/arm-none-eabi/7.3.1/../../../../arm-none-eabi/lib/thumb/v7-m\libc_nano.a
LOAD d:/program files/stm32cubeide_1.2.0/stm32cubeide/plugins/com.st.stm32cube.ide.mcu.externaltools.gnu-tools-for-stm32.7-2018-q2-update.win32_1.5.0.202011040924/tools/bin/../lib/gcc/arm-none-eabi/7.3.1/../../../../arm-none-eabi/lib/thumb/v7-m\libm.a
END GROUP
START GROUP
LOAD d:/program files/stm32cubeide_1.2.0/stm32cubeide/plugins/com.st.stm32cube.ide.mcu.externaltools.gnu-tools-for-stm32.7-2018-q2-update.win32_1.5.0.202011040924/tools/bin/../lib/gcc/arm-none-eabi/7.3.1/thumb/v7-m\libgcc.a
LOAD d:/program files/stm32cubeide_1.2.0/stm32cubeide/plugins/com.st.stm32cube.ide.mcu.externaltools.gnu-tools-for-stm32.7-2018-q2-update.win32_1.5.0.202011040924/tools/bin/../lib/gcc/arm-none-eabi/7.3.1/../../../../arm-none-eabi/lib/thumb/v7-m\libc_nano.a
END GROUP
START GROUP
LOAD d:/program files/stm32cubeide_1.2.0/stm32cubeide/plugins/com.st.stm32cube.ide.mcu.externaltools.gnu-tools-for-stm32.7-2018-q2-update.win32_1.5.0.202011040924/tools/bin/../lib/gcc/arm-none-eabi/7.3.1/thumb/v7-m\libgcc.a
LOAD d:/program files/stm32cubeide_1.2.0/stm32cubeide/plugins/com.st.stm32cube.ide.mcu.externaltools.gnu-tools-for-stm32.7-2018-q2-update.win32_1.5.0.202011040924/tools/bin/../lib/gcc/arm-none-eabi/7.3.1/../../../../arm-none-eabi/lib/thumb/v7-m\libc_nano.a
LOAD d:/program files/stm32cubeide_1.2.0/stm32cubeide/plugins/com.st.stm32cube.ide.mcu.externaltools.gnu-tools-for-stm32.7-2018-q2-update.win32_1.5.0.202011040924/tools/bin/../lib/gcc/arm-none-eabi/7.3.1/../../../../arm-none-eabi/lib/thumb/v7-m\libnosys.a
END GROUP
START GROUP
LOAD d:/program files/stm32cubeide_1.2.0/stm32cubeide/plugins/com.st.stm32cube.ide.mcu.externaltools.gnu-tools-for-stm32.7-2018-q2-update.win32_1.5.0.202011040924/tools/bin/../lib/gcc/arm-none-eabi/7.3.1/thumb/v7-m\libgcc.a
LOAD d:/program files/stm32cubeide_1.2.0/stm32cubeide/plugins/com.st.stm32cube.ide.mcu.externaltools.gnu-tools-for-stm32.7-2018-q2-update.win32_1.5.0.202011040924/tools/bin/../lib/gcc/arm-none-eabi/7.3.1/../../../../arm-none-eabi/lib/thumb/v7-m\libc_nano.a
LOAD d:/program files/stm32cubeide_1.2.0/stm32cubeide/plugins/com.st.stm32cube.ide.mcu.externaltools.gnu-tools-for-stm32.7-2018-q2-update.win32_1.5.0.202011040924/tools/bin/../lib/gcc/arm-none-eabi/7.3.1/../../../../arm-none-eabi/lib/thumb/v7-m\libnosys.a
END GROUP
LOAD d:/program files/stm32cubeide_1.2.0/stm32cubeide/plugins/com.st.stm32cube.ide.mcu.externaltools.gnu-tools-for-stm32.7-2018-q2-update.win32_1.5.0.202011040924/tools/bin/../lib/gcc/arm-none-eabi/7.3.1/thumb/v7-m/crtend.o
LOAD d:/program files/stm32cubeide_1.2.0/stm32cubeide/plugins/com.st.stm32cube.ide.mcu.externaltools.gnu-tools-for-stm32.7-2018-q2-update.win32_1.5.0.202011040924/tools/bin/../lib/gcc/arm-none-eabi/7.3.1/thumb/v7-m/crtn.o
                0x000000002000c000                _estack = (ORIGIN (RAM) + LENGTH (RAM))
                0x0000000000000200                _Min_Heap_Size = 0x200
                0x0000000000000400                _Min_Stack_Size = 0x400

.isr_vector     0x0000000008000000      0x1e4
                0x0000000008000000                . = ALIGN (0x4)
 *(.isr_vector)
 .isr_vector    0x0000000008000000      0x1e4 Core/Startup/startup_stm32f103rctx.o
                0x0000000008000000                g_pfnVectors
                0x00000000080001e4                . = ALIGN (0x4)

.text           0x00000000080001e4     0x7418
                0x00000000080001e4                . = ALIGN (0x4)
 *(.text)
 .text          0x00000000080001e4       0x40 d:/program files/stm32cubeide_1.2.0/stm32cubeide/plugins/com.st.stm32cube.ide.mcu.externaltools.gnu-tools-for-stm32.7-2018-q2-update.win32_1.5.0.202011040924/tools/bin/../lib/gcc/arm-none-eabi/7.3.1/thumb/v7-m/crtbegin.o
 *(.text*)
 .text.MX_ADC1_Init
                0x0000000008000224       0x7c Core/Src/adc.o
                0x0000000008000224                MX_ADC1_Init
 .text.HAL_ADC_MspInit
                0x00000000080002a0       0xe0 Core/Src/adc.o
                0x00000000080002a0                HAL_ADC_MspInit
 .text.MX_DMA_Init
                0x0000000008000380       0x5c Core/Src/dma.o
                0x0000000008000380                MX_DMA_Init
 .text.MX_GPIO_Init
                0x00000000080003dc       0xec Core/Src/gpio.o
                0x00000000080003dc                MX_GPIO_Init
 .text.MX_I2C1_Init
                0x00000000080004c8       0x5c Core/Src/i2c.o
                0x00000000080004c8                MX_I2C1_Init
 .text.HAL_I2C_MspInit
                0x0000000008000524      0x144 Core/Src/i2c.o
                0x0000000008000524                HAL_I2C_MspInit
 .text.main     0x0000000008000668       0x38 Core/Src/main.o
                0x0000000008000668                main
 .text.SystemClock_Config
                0x00000000080006a0       0xb0 Core/Src/main.o
                0x00000000080006a0                SystemClock_Config
 .text.Error_Handler
                0x0000000008000750        0xc Core/Src/main.o
                0x0000000008000750                Error_Handler
 .text.HAL_MspInit
                0x000000000800075c       0x64 Core/Src/stm32f1xx_hal_msp.o
                0x000000000800075c                HAL_MspInit
 .text.NMI_Handler
                0x00000000080007c0        0xc Core/Src/stm32f1xx_it.o
                0x00000000080007c0                NMI_Handler
 .text.HardFault_Handler
                0x00000000080007cc        0x6 Core/Src/stm32f1xx_it.o
                0x00000000080007cc                HardFault_Handler
 .text.MemManage_Handler
                0x00000000080007d2        0x6 Core/Src/stm32f1xx_it.o
                0x00000000080007d2                MemManage_Handler
 .text.BusFault_Handler
                0x00000000080007d8        0x6 Core/Src/stm32f1xx_it.o
                0x00000000080007d8                BusFault_Handler
 .text.UsageFault_Handler
                0x00000000080007de        0x6 Core/Src/stm32f1xx_it.o
                0x00000000080007de                UsageFault_Handler
 .text.SVC_Handler
                0x00000000080007e4        0xc Core/Src/stm32f1xx_it.o
                0x00000000080007e4                SVC_Handler
 .text.DebugMon_Handler
                0x00000000080007f0        0xc Core/Src/stm32f1xx_it.o
                0x00000000080007f0                DebugMon_Handler
 .text.PendSV_Handler
                0x00000000080007fc        0xc Core/Src/stm32f1xx_it.o
                0x00000000080007fc                PendSV_Handler
 .text.SysTick_Handler
                0x0000000008000808        0xc Core/Src/stm32f1xx_it.o
                0x0000000008000808                SysTick_Handler
 .text.DMA1_Channel1_IRQHandler
                0x0000000008000814       0x14 Core/Src/stm32f1xx_it.o
                0x0000000008000814                DMA1_Channel1_IRQHandler
 .text.DMA1_Channel6_IRQHandler
                0x0000000008000828       0x14 Core/Src/stm32f1xx_it.o
                0x0000000008000828                DMA1_Channel6_IRQHandler
 .text.DMA1_Channel7_IRQHandler
                0x000000000800083c       0x14 Core/Src/stm32f1xx_it.o
                0x000000000800083c                DMA1_Channel7_IRQHandler
 .text.ADC1_2_IRQHandler
                0x0000000008000850       0x14 Core/Src/stm32f1xx_it.o
                0x0000000008000850                ADC1_2_IRQHandler
 .text.TIM2_IRQHandler
                0x0000000008000864       0x18 Core/Src/stm32f1xx_it.o
                0x0000000008000864                TIM2_IRQHandler
 .text.TIM3_IRQHandler
                0x000000000800087c       0x14 Core/Src/stm32f1xx_it.o
                0x000000000800087c                TIM3_IRQHandler
 .text.I2C1_EV_IRQHandler
                0x0000000008000890       0x14 Core/Src/stm32f1xx_it.o
                0x0000000008000890                I2C1_EV_IRQHandler
 .text.I2C1_ER_IRQHandler
                0x00000000080008a4       0x14 Core/Src/stm32f1xx_it.o
                0x00000000080008a4                I2C1_ER_IRQHandler
 .text.SystemInit
                0x00000000080008b8        0xc Core/Src/system_stm32f1xx.o
                0x00000000080008b8                SystemInit
 .text.MX_TIM2_Init
                0x00000000080008c4       0x98 Core/Src/tim.o
                0x00000000080008c4                MX_TIM2_Init
 .text.MX_TIM3_Init
                0x000000000800095c      0x100 Core/Src/tim.o
                0x000000000800095c                MX_TIM3_Init
 .text.HAL_TIM_Base_MspInit
                0x0000000008000a5c       0x80 Core/Src/tim.o
                0x0000000008000a5c                HAL_TIM_Base_MspInit
 .text.HAL_TIM_MspPostInit
                0x0000000008000adc       0x64 Core/Src/tim.o
                0x0000000008000adc                HAL_TIM_MspPostInit
 .text.Reset_Handler
                0x0000000008000b40       0x48 Core/Startup/startup_stm32f103rctx.o
                0x0000000008000b40                Reset_Handler
 .text.Default_Handler
                0x0000000008000b88        0x2 Core/Startup/startup_stm32f103rctx.o
                0x0000000008000b88                RTC_Alarm_IRQHandler
                0x0000000008000b88                EXTI2_IRQHandler
                0x0000000008000b88                TIM8_TRG_COM_IRQHandler
                0x0000000008000b88                TIM8_CC_IRQHandler
                0x0000000008000b88                TIM1_CC_IRQHandler
                0x0000000008000b88                TIM6_IRQHandler
                0x0000000008000b88                PVD_IRQHandler
                0x0000000008000b88                SDIO_IRQHandler
                0x0000000008000b88                EXTI3_IRQHandler
                0x0000000008000b88                EXTI0_IRQHandler
                0x0000000008000b88                I2C2_EV_IRQHandler
                0x0000000008000b88                SPI1_IRQHandler
                0x0000000008000b88                TAMPER_IRQHandler
                0x0000000008000b88                TIM8_UP_IRQHandler
                0x0000000008000b88                DMA2_Channel2_IRQHandler
                0x0000000008000b88                DMA1_Channel4_IRQHandler
                0x0000000008000b88                USART3_IRQHandler
                0x0000000008000b88                RTC_IRQHandler
                0x0000000008000b88                CAN1_RX1_IRQHandler
                0x0000000008000b88                UART5_IRQHandler
                0x0000000008000b88                ADC3_IRQHandler
                0x0000000008000b88                TIM4_IRQHandler
                0x0000000008000b88                DMA2_Channel1_IRQHandler
                0x0000000008000b88                UART4_IRQHandler
                0x0000000008000b88                RCC_IRQHandler
                0x0000000008000b88                TIM1_TRG_COM_IRQHandler
                0x0000000008000b88                Default_Handler
                0x0000000008000b88                EXTI15_10_IRQHandler
                0x0000000008000b88                TIM7_IRQHandler
                0x0000000008000b88                TIM5_IRQHandler
                0x0000000008000b88                EXTI9_5_IRQHandler
                0x0000000008000b88                SPI2_IRQHandler
                0x0000000008000b88                DMA1_Channel5_IRQHandler
                0x0000000008000b88                EXTI4_IRQHandler
                0x0000000008000b88                USB_LP_CAN1_RX0_IRQHandler
                0x0000000008000b88                USB_HP_CAN1_TX_IRQHandler
                0x0000000008000b88                DMA1_Channel3_IRQHandler
                0x0000000008000b88                FSMC_IRQHandler
                0x0000000008000b88                TIM1_UP_IRQHandler
                0x0000000008000b88                WWDG_IRQHandler
                0x0000000008000b88                TIM1_BRK_IRQHandler
                0x0000000008000b88                EXTI1_IRQHandler
                0x0000000008000b88                DMA2_Channel4_5_IRQHandler
                0x0000000008000b88                USART2_IRQHandler
                0x0000000008000b88                I2C2_ER_IRQHandler
                0x0000000008000b88                DMA1_Channel2_IRQHandler
                0x0000000008000b88                TIM8_BRK_IRQHandler
                0x0000000008000b88                CAN1_SCE_IRQHandler
                0x0000000008000b88                FLASH_IRQHandler
                0x0000000008000b88                USART1_IRQHandler
                0x0000000008000b88                SPI3_IRQHandler
                0x0000000008000b88                USBWakeUp_IRQHandler
                0x0000000008000b88                DMA2_Channel3_IRQHandler
 *fill*         0x0000000008000b8a        0x2 
 .text.HAL_Init
                0x0000000008000b8c       0x2c Drivers/STM32F1xx_HAL_Driver/Src/stm32f1xx_hal.o
                0x0000000008000b8c                HAL_Init
 .text.HAL_InitTick
                0x0000000008000bb8       0x60 Drivers/STM32F1xx_HAL_Driver/Src/stm32f1xx_hal.o
                0x0000000008000bb8                HAL_InitTick
 .text.HAL_IncTick
                0x0000000008000c18       0x24 Drivers/STM32F1xx_HAL_Driver/Src/stm32f1xx_hal.o
                0x0000000008000c18                HAL_IncTick
 .text.HAL_GetTick
                0x0000000008000c3c       0x14 Drivers/STM32F1xx_HAL_Driver/Src/stm32f1xx_hal.o
                0x0000000008000c3c                HAL_GetTick
 .text.HAL_Delay
                0x0000000008000c50       0x44 Drivers/STM32F1xx_HAL_Driver/Src/stm32f1xx_hal.o
                0x0000000008000c50                HAL_Delay
 .text.HAL_ADC_Init
                0x0000000008000c94      0x1d4 Drivers/STM32F1xx_HAL_Driver/Src/stm32f1xx_hal_adc.o
                0x0000000008000c94                HAL_ADC_Init
 .text.HAL_ADC_Start
                0x0000000008000e68      0x15c Drivers/STM32F1xx_HAL_Driver/Src/stm32f1xx_hal_adc.o
                0x0000000008000e68                HAL_ADC_Start
 .text.HAL_ADC_PollForConversion
                0x0000000008000fc4      0x1f4 Drivers/STM32F1xx_HAL_Driver/Src/stm32f1xx_hal_adc.o
                0x0000000008000fc4                HAL_ADC_PollForConversion
 .text.HAL_ADC_GetValue
                0x00000000080011b8       0x18 Drivers/STM32F1xx_HAL_Driver/Src/stm32f1xx_hal_adc.o
                0x00000000080011b8                HAL_ADC_GetValue
 .text.HAL_ADC_IRQHandler
                0x00000000080011d0      0x186 Drivers/STM32F1xx_HAL_Driver/Src/stm32f1xx_hal_adc.o
                0x00000000080011d0                HAL_ADC_IRQHandler
 .text.HAL_ADC_ConvCpltCallback
                0x0000000008001356       0x12 Drivers/STM32F1xx_HAL_Driver/Src/stm32f1xx_hal_adc.o
                0x0000000008001356                HAL_ADC_ConvCpltCallback
 .text.HAL_ADC_LevelOutOfWindowCallback
                0x0000000008001368       0x12 Drivers/STM32F1xx_HAL_Driver/Src/stm32f1xx_hal_adc.o
                0x0000000008001368                HAL_ADC_LevelOutOfWindowCallback
 *fill*         0x000000000800137a        0x2 
 .text.HAL_ADC_ConfigChannel
                0x000000000800137c      0x1f0 Drivers/STM32F1xx_HAL_Driver/Src/stm32f1xx_hal_adc.o
                0x000000000800137c                HAL_ADC_ConfigChannel
 .text.ADC_Enable
                0x000000000800156c       0xa4 Drivers/STM32F1xx_HAL_Driver/Src/stm32f1xx_hal_adc.o
                0x000000000800156c                ADC_Enable
 .text.ADC_ConversionStop_Disable
                0x0000000008001610       0x74 Drivers/STM32F1xx_HAL_Driver/Src/stm32f1xx_hal_adc.o
                0x0000000008001610                ADC_ConversionStop_Disable
 .text.HAL_ADCEx_InjectedConvCpltCallback
                0x0000000008001684       0x12 Drivers/STM32F1xx_HAL_Driver/Src/stm32f1xx_hal_adc_ex.o
                0x0000000008001684                HAL_ADCEx_InjectedConvCpltCallback
 *fill*         0x0000000008001696        0x2 
 .text.__NVIC_SetPriorityGrouping
                0x0000000008001698       0x48 Drivers/STM32F1xx_HAL_Driver/Src/stm32f1xx_hal_cortex.o
 .text.__NVIC_GetPriorityGrouping
                0x00000000080016e0       0x1c Drivers/STM32F1xx_HAL_Driver/Src/stm32f1xx_hal_cortex.o
 .text.__NVIC_EnableIRQ
                0x00000000080016fc       0x38 Drivers/STM32F1xx_HAL_Driver/Src/stm32f1xx_hal_cortex.o
 .text.__NVIC_SetPriority
                0x0000000008001734       0x54 Drivers/STM32F1xx_HAL_Driver/Src/stm32f1xx_hal_cortex.o
 .text.NVIC_EncodePriority
                0x0000000008001788       0x64 Drivers/STM32F1xx_HAL_Driver/Src/stm32f1xx_hal_cortex.o
 .text.SysTick_Config
                0x00000000080017ec       0x44 Drivers/STM32F1xx_HAL_Driver/Src/stm32f1xx_hal_cortex.o
 .text.HAL_NVIC_SetPriorityGrouping
                0x0000000008001830       0x16 Drivers/STM32F1xx_HAL_Driver/Src/stm32f1xx_hal_cortex.o
                0x0000000008001830                HAL_NVIC_SetPriorityGrouping
 .text.HAL_NVIC_SetPriority
                0x0000000008001846       0x38 Drivers/STM32F1xx_HAL_Driver/Src/stm32f1xx_hal_cortex.o
                0x0000000008001846                HAL_NVIC_SetPriority
 .text.HAL_NVIC_EnableIRQ
                0x000000000800187e       0x1c Drivers/STM32F1xx_HAL_Driver/Src/stm32f1xx_hal_cortex.o
                0x000000000800187e                HAL_NVIC_EnableIRQ
 .text.HAL_SYSTICK_Config
                0x000000000800189a       0x18 Drivers/STM32F1xx_HAL_Driver/Src/stm32f1xx_hal_cortex.o
                0x000000000800189a                HAL_SYSTICK_Config
 *fill*         0x00000000080018b2        0x2 
 .text.HAL_DMA_Init
                0x00000000080018b4       0xec Drivers/STM32F1xx_HAL_Driver/Src/stm32f1xx_hal_dma.o
                0x00000000080018b4                HAL_DMA_Init
 .text.HAL_DMA_Abort_IT
                0x00000000080019a0      0x210 Drivers/STM32F1xx_HAL_Driver/Src/stm32f1xx_hal_dma.o
                0x00000000080019a0                HAL_DMA_Abort_IT
 .text.HAL_DMA_IRQHandler
                0x0000000008001bb0      0x478 Drivers/STM32F1xx_HAL_Driver/Src/stm32f1xx_hal_dma.o
                0x0000000008001bb0                HAL_DMA_IRQHandler
 .text.HAL_DMA_GetState
                0x0000000008002028       0x18 Drivers/STM32F1xx_HAL_Driver/Src/stm32f1xx_hal_dma.o
                0x0000000008002028                HAL_DMA_GetState
 .text.HAL_GPIO_Init
                0x0000000008002040      0x2d4 Drivers/STM32F1xx_HAL_Driver/Src/stm32f1xx_hal_gpio.o
                0x0000000008002040                HAL_GPIO_Init
 .text.HAL_GPIO_ReadPin
                0x0000000008002314       0x2e Drivers/STM32F1xx_HAL_Driver/Src/stm32f1xx_hal_gpio.o
                0x0000000008002314                HAL_GPIO_ReadPin
 .text.HAL_GPIO_WritePin
                0x0000000008002342       0x30 Drivers/STM32F1xx_HAL_Driver/Src/stm32f1xx_hal_gpio.o
                0x0000000008002342                HAL_GPIO_WritePin
 *fill*         0x0000000008002372        0x2 
 .text.HAL_I2C_Init
                0x0000000008002374      0x270 Drivers/STM32F1xx_HAL_Driver/Src/stm32f1xx_hal_i2c.o
                0x0000000008002374                HAL_I2C_Init
 .text.HAL_I2C_Mem_Write
                0x00000000080025e4      0x1f4 Drivers/STM32F1xx_HAL_Driver/Src/stm32f1xx_hal_i2c.o
                0x00000000080025e4                HAL_I2C_Mem_Write
 .text.HAL_I2C_Mem_Read
                0x00000000080027d8      0x4c4 Drivers/STM32F1xx_HAL_Driver/Src/stm32f1xx_hal_i2c.o
                0x00000000080027d8                HAL_I2C_Mem_Read
 .text.HAL_I2C_IsDeviceReady
                0x0000000008002c9c      0x25c Drivers/STM32F1xx_HAL_Driver/Src/stm32f1xx_hal_i2c.o
                0x0000000008002c9c                HAL_I2C_IsDeviceReady
 .text.HAL_I2C_EV_IRQHandler
                0x0000000008002ef8      0x2da Drivers/STM32F1xx_HAL_Driver/Src/stm32f1xx_hal_i2c.o
                0x0000000008002ef8                HAL_I2C_EV_IRQHandler
 .text.HAL_I2C_ER_IRQHandler
                0x00000000080031d2      0x15e Drivers/STM32F1xx_HAL_Driver/Src/stm32f1xx_hal_i2c.o
                0x00000000080031d2                HAL_I2C_ER_IRQHandler
 .text.HAL_I2C_MasterTxCpltCallback
                0x0000000008003330       0x12 Drivers/STM32F1xx_HAL_Driver/Src/stm32f1xx_hal_i2c.o
                0x0000000008003330                HAL_I2C_MasterTxCpltCallback
 .text.HAL_I2C_MasterRxCpltCallback
                0x0000000008003342       0x12 Drivers/STM32F1xx_HAL_Driver/Src/stm32f1xx_hal_i2c.o
                0x0000000008003342                HAL_I2C_MasterRxCpltCallback
 .text.HAL_I2C_SlaveTxCpltCallback
                0x0000000008003354       0x12 Drivers/STM32F1xx_HAL_Driver/Src/stm32f1xx_hal_i2c.o
                0x0000000008003354                HAL_I2C_SlaveTxCpltCallback
 .text.HAL_I2C_SlaveRxCpltCallback
                0x0000000008003366       0x12 Drivers/STM32F1xx_HAL_Driver/Src/stm32f1xx_hal_i2c.o
                0x0000000008003366                HAL_I2C_SlaveRxCpltCallback
 .text.HAL_I2C_AddrCallback
                0x0000000008003378       0x1a Drivers/STM32F1xx_HAL_Driver/Src/stm32f1xx_hal_i2c.o
                0x0000000008003378                HAL_I2C_AddrCallback
 .text.HAL_I2C_ListenCpltCallback
                0x0000000008003392       0x12 Drivers/STM32F1xx_HAL_Driver/Src/stm32f1xx_hal_i2c.o
                0x0000000008003392                HAL_I2C_ListenCpltCallback
 .text.HAL_I2C_MemTxCpltCallback
                0x00000000080033a4       0x12 Drivers/STM32F1xx_HAL_Driver/Src/stm32f1xx_hal_i2c.o
                0x00000000080033a4                HAL_I2C_MemTxCpltCallback
 .text.HAL_I2C_MemRxCpltCallback
                0x00000000080033b6       0x12 Drivers/STM32F1xx_HAL_Driver/Src/stm32f1xx_hal_i2c.o
                0x00000000080033b6                HAL_I2C_MemRxCpltCallback
 .text.HAL_I2C_ErrorCallback
                0x00000000080033c8       0x12 Drivers/STM32F1xx_HAL_Driver/Src/stm32f1xx_hal_i2c.o
                0x00000000080033c8                HAL_I2C_ErrorCallback
 .text.HAL_I2C_AbortCpltCallback
                0x00000000080033da       0x12 Drivers/STM32F1xx_HAL_Driver/Src/stm32f1xx_hal_i2c.o
                0x00000000080033da                HAL_I2C_AbortCpltCallback
 .text.I2C_MasterTransmit_TXE
                0x00000000080033ec      0x138 Drivers/STM32F1xx_HAL_Driver/Src/stm32f1xx_hal_i2c.o
 .text.I2C_MasterTransmit_BTF
                0x0000000008003524       0xd0 Drivers/STM32F1xx_HAL_Driver/Src/stm32f1xx_hal_i2c.o
 .text.I2C_MemoryTransmit_TXE_BTF
                0x00000000080035f4      0x11e Drivers/STM32F1xx_HAL_Driver/Src/stm32f1xx_hal_i2c.o
 .text.I2C_MasterReceive_RXNE
                0x0000000008003712      0x162 Drivers/STM32F1xx_HAL_Driver/Src/stm32f1xx_hal_i2c.o
 .text.I2C_MasterReceive_BTF
                0x0000000008003874      0x1d4 Drivers/STM32F1xx_HAL_Driver/Src/stm32f1xx_hal_i2c.o
 .text.I2C_Master_SB
                0x0000000008003a48      0x10a Drivers/STM32F1xx_HAL_Driver/Src/stm32f1xx_hal_i2c.o
 .text.I2C_Master_ADD10
                0x0000000008003b52       0x52 Drivers/STM32F1xx_HAL_Driver/Src/stm32f1xx_hal_i2c.o
 .text.I2C_Master_ADDR
                0x0000000008003ba4      0x336 Drivers/STM32F1xx_HAL_Driver/Src/stm32f1xx_hal_i2c.o
 .text.I2C_SlaveTransmit_TXE
                0x0000000008003eda       0x7a Drivers/STM32F1xx_HAL_Driver/Src/stm32f1xx_hal_i2c.o
 .text.I2C_SlaveTransmit_BTF
                0x0000000008003f54       0x40 Drivers/STM32F1xx_HAL_Driver/Src/stm32f1xx_hal_i2c.o
 .text.I2C_SlaveReceive_RXNE
                0x0000000008003f94       0x7c Drivers/STM32F1xx_HAL_Driver/Src/stm32f1xx_hal_i2c.o
 .text.I2C_SlaveReceive_BTF
                0x0000000008004010       0x42 Drivers/STM32F1xx_HAL_Driver/Src/stm32f1xx_hal_i2c.o
 .text.I2C_Slave_ADDR
                0x0000000008004052       0x88 Drivers/STM32F1xx_HAL_Driver/Src/stm32f1xx_hal_i2c.o
 *fill*         0x00000000080040da        0x2 
 .text.I2C_Slave_STOPF
                0x00000000080040dc      0x260 Drivers/STM32F1xx_HAL_Driver/Src/stm32f1xx_hal_i2c.o
 .text.I2C_Slave_AF
                0x000000000800433c       0xe0 Drivers/STM32F1xx_HAL_Driver/Src/stm32f1xx_hal_i2c.o
 .text.I2C_ITError
                0x000000000800441c      0x264 Drivers/STM32F1xx_HAL_Driver/Src/stm32f1xx_hal_i2c.o
 .text.I2C_RequestMemoryWrite
                0x0000000008004680      0x12c Drivers/STM32F1xx_HAL_Driver/Src/stm32f1xx_hal_i2c.o
 .text.I2C_RequestMemoryRead
                0x00000000080047ac      0x1d0 Drivers/STM32F1xx_HAL_Driver/Src/stm32f1xx_hal_i2c.o
 .text.I2C_DMAAbort
                0x000000000800497c      0x150 Drivers/STM32F1xx_HAL_Driver/Src/stm32f1xx_hal_i2c.o
 .text.I2C_WaitOnFlagUntilTimeout
                0x0000000008004acc       0xae Drivers/STM32F1xx_HAL_Driver/Src/stm32f1xx_hal_i2c.o
 .text.I2C_WaitOnMasterAddressFlagUntilTimeout
                0x0000000008004b7a       0xfe Drivers/STM32F1xx_HAL_Driver/Src/stm32f1xx_hal_i2c.o
 .text.I2C_WaitOnTXEFlagUntilTimeout
                0x0000000008004c78       0x82 Drivers/STM32F1xx_HAL_Driver/Src/stm32f1xx_hal_i2c.o
 .text.I2C_WaitOnBTFFlagUntilTimeout
                0x0000000008004cfa       0x82 Drivers/STM32F1xx_HAL_Driver/Src/stm32f1xx_hal_i2c.o
 .text.I2C_WaitOnSTOPRequestThroughIT
                0x0000000008004d7c       0x64 Drivers/STM32F1xx_HAL_Driver/Src/stm32f1xx_hal_i2c.o
 .text.I2C_WaitOnRXNEFlagUntilTimeout
                0x0000000008004de0       0xac Drivers/STM32F1xx_HAL_Driver/Src/stm32f1xx_hal_i2c.o
 .text.I2C_IsAcknowledgeFailed
                0x0000000008004e8c       0x5c Drivers/STM32F1xx_HAL_Driver/Src/stm32f1xx_hal_i2c.o
 .text.I2C_ConvertOtherXferOptions
                0x0000000008004ee8       0x34 Drivers/STM32F1xx_HAL_Driver/Src/stm32f1xx_hal_i2c.o
 .text.HAL_RCC_OscConfig
                0x0000000008004f1c      0x500 Drivers/STM32F1xx_HAL_Driver/Src/stm32f1xx_hal_rcc.o
                0x0000000008004f1c                HAL_RCC_OscConfig
 .text.HAL_RCC_ClockConfig
                0x000000000800541c      0x1d4 Drivers/STM32F1xx_HAL_Driver/Src/stm32f1xx_hal_rcc.o
                0x000000000800541c                HAL_RCC_ClockConfig
 .text.HAL_RCC_GetSysClockFreq
                0x00000000080055f0       0xc4 Drivers/STM32F1xx_HAL_Driver/Src/stm32f1xx_hal_rcc.o
                0x00000000080055f0                HAL_RCC_GetSysClockFreq
 .text.HAL_RCC_GetHCLKFreq
                0x00000000080056b4       0x14 Drivers/STM32F1xx_HAL_Driver/Src/stm32f1xx_hal_rcc.o
                0x00000000080056b4                HAL_RCC_GetHCLKFreq
 .text.HAL_RCC_GetPCLK1Freq
                0x00000000080056c8       0x28 Drivers/STM32F1xx_HAL_Driver/Src/stm32f1xx_hal_rcc.o
                0x00000000080056c8                HAL_RCC_GetPCLK1Freq
 .text.HAL_RCC_GetPCLK2Freq
                0x00000000080056f0       0x28 Drivers/STM32F1xx_HAL_Driver/Src/stm32f1xx_hal_rcc.o
                0x00000000080056f0                HAL_RCC_GetPCLK2Freq
 .text.RCC_Delay
                0x0000000008005718       0x3c Drivers/STM32F1xx_HAL_Driver/Src/stm32f1xx_hal_rcc.o
 .text.HAL_RCCEx_PeriphCLKConfig
                0x0000000008005754      0x16c Drivers/STM32F1xx_HAL_Driver/Src/stm32f1xx_hal_rcc_ex.o
                0x0000000008005754                HAL_RCCEx_PeriphCLKConfig
 .text.HAL_RCCEx_GetPeriphCLKFreq
                0x00000000080058c0      0x1d0 Drivers/STM32F1xx_HAL_Driver/Src/stm32f1xx_hal_rcc_ex.o
                0x00000000080058c0                HAL_RCCEx_GetPeriphCLKFreq
 .text.HAL_TIM_Base_Init
                0x0000000008005a90       0x9e Drivers/STM32F1xx_HAL_Driver/Src/stm32f1xx_hal_tim.o
                0x0000000008005a90                HAL_TIM_Base_Init
 *fill*         0x0000000008005b2e        0x2 
 .text.HAL_TIM_Base_Start_IT
                0x0000000008005b30       0xc0 Drivers/STM32F1xx_HAL_Driver/Src/stm32f1xx_hal_tim.o
                0x0000000008005b30                HAL_TIM_Base_Start_IT
 .text.HAL_TIM_PWM_Init
                0x0000000008005bf0       0x9e Drivers/STM32F1xx_HAL_Driver/Src/stm32f1xx_hal_tim.o
                0x0000000008005bf0                HAL_TIM_PWM_Init
 .text.HAL_TIM_PWM_MspInit
                0x0000000008005c8e       0x12 Drivers/STM32F1xx_HAL_Driver/Src/stm32f1xx_hal_tim.o
                0x0000000008005c8e                HAL_TIM_PWM_MspInit
 .text.HAL_TIM_PWM_Start
                0x0000000008005ca0      0x174 Drivers/STM32F1xx_HAL_Driver/Src/stm32f1xx_hal_tim.o
                0x0000000008005ca0                HAL_TIM_PWM_Start
 .text.HAL_TIM_PWM_Stop
                0x0000000008005e14       0xe0 Drivers/STM32F1xx_HAL_Driver/Src/stm32f1xx_hal_tim.o
                0x0000000008005e14                HAL_TIM_PWM_Stop
 .text.HAL_TIM_IRQHandler
                0x0000000008005ef4      0x210 Drivers/STM32F1xx_HAL_Driver/Src/stm32f1xx_hal_tim.o
                0x0000000008005ef4                HAL_TIM_IRQHandler
 .text.HAL_TIM_PWM_ConfigChannel
                0x0000000008006104      0x17c Drivers/STM32F1xx_HAL_Driver/Src/stm32f1xx_hal_tim.o
                0x0000000008006104                HAL_TIM_PWM_ConfigChannel
 .text.HAL_TIM_ConfigClockSource
                0x0000000008006280      0x16e Drivers/STM32F1xx_HAL_Driver/Src/stm32f1xx_hal_tim.o
                0x0000000008006280                HAL_TIM_ConfigClockSource
 .text.HAL_TIM_PeriodElapsedCallback
                0x00000000080063ee       0x12 Drivers/STM32F1xx_HAL_Driver/Src/stm32f1xx_hal_tim.o
                0x00000000080063ee                HAL_TIM_PeriodElapsedCallback
 .text.HAL_TIM_OC_DelayElapsedCallback
                0x0000000008006400       0x12 Drivers/STM32F1xx_HAL_Driver/Src/stm32f1xx_hal_tim.o
                0x0000000008006400                HAL_TIM_OC_DelayElapsedCallback
 .text.HAL_TIM_IC_CaptureCallback
                0x0000000008006412       0x12 Drivers/STM32F1xx_HAL_Driver/Src/stm32f1xx_hal_tim.o
                0x0000000008006412                HAL_TIM_IC_CaptureCallback
 .text.HAL_TIM_PWM_PulseFinishedCallback
                0x0000000008006424       0x12 Drivers/STM32F1xx_HAL_Driver/Src/stm32f1xx_hal_tim.o
                0x0000000008006424                HAL_TIM_PWM_PulseFinishedCallback
 .text.HAL_TIM_TriggerCallback
                0x0000000008006436       0x12 Drivers/STM32F1xx_HAL_Driver/Src/stm32f1xx_hal_tim.o
                0x0000000008006436                HAL_TIM_TriggerCallback
 .text.TIM_Base_SetConfig
                0x0000000008006448       0xf4 Drivers/STM32F1xx_HAL_Driver/Src/stm32f1xx_hal_tim.o
                0x0000000008006448                TIM_Base_SetConfig
 .text.TIM_OC1_SetConfig
                0x000000000800653c       0xe0 Drivers/STM32F1xx_HAL_Driver/Src/stm32f1xx_hal_tim.o
 .text.TIM_OC2_SetConfig
                0x000000000800661c       0xe8 Drivers/STM32F1xx_HAL_Driver/Src/stm32f1xx_hal_tim.o
                0x000000000800661c                TIM_OC2_SetConfig
 .text.TIM_OC3_SetConfig
                0x0000000008006704       0xe8 Drivers/STM32F1xx_HAL_Driver/Src/stm32f1xx_hal_tim.o
 .text.TIM_OC4_SetConfig
                0x00000000080067ec       0xa8 Drivers/STM32F1xx_HAL_Driver/Src/stm32f1xx_hal_tim.o
 .text.TIM_TI1_ConfigInputStage
                0x0000000008006894       0x5c Drivers/STM32F1xx_HAL_Driver/Src/stm32f1xx_hal_tim.o
 .text.TIM_TI2_ConfigInputStage
                0x00000000080068f0       0x5e Drivers/STM32F1xx_HAL_Driver/Src/stm32f1xx_hal_tim.o
 .text.TIM_ITRx_SetConfig
                0x000000000800694e       0x34 Drivers/STM32F1xx_HAL_Driver/Src/stm32f1xx_hal_tim.o
 .text.TIM_ETR_SetConfig
                0x0000000008006982       0x3e Drivers/STM32F1xx_HAL_Driver/Src/stm32f1xx_hal_tim.o
                0x0000000008006982                TIM_ETR_SetConfig
 .text.TIM_CCxChannelCmd
                0x00000000080069c0       0x48 Drivers/STM32F1xx_HAL_Driver/Src/stm32f1xx_hal_tim.o
                0x00000000080069c0                TIM_CCxChannelCmd
 .text.HAL_TIMEx_MasterConfigSynchronization
                0x0000000008006a08       0xd8 Drivers/STM32F1xx_HAL_Driver/Src/stm32f1xx_hal_tim_ex.o
                0x0000000008006a08                HAL_TIMEx_MasterConfigSynchronization
 .text.HAL_TIMEx_CommutCallback
                0x0000000008006ae0       0x12 Drivers/STM32F1xx_HAL_Driver/Src/stm32f1xx_hal_tim_ex.o
                0x0000000008006ae0                HAL_TIMEx_CommutCallback
 .text.HAL_TIMEx_BreakCallback
                0x0000000008006af2       0x12 Drivers/STM32F1xx_HAL_Driver/Src/stm32f1xx_hal_tim_ex.o
                0x0000000008006af2                HAL_TIMEx_BreakCallback
 .text.appInit  0x0000000008006b04       0x1c Impl/Src/app.o
                0x0000000008006b04                appInit
 .text.timer    0x0000000008006b20       0x18 Impl/Src/app.o
                0x0000000008006b20                timer
 .text.mainLoop
                0x0000000008006b38       0x20 Impl/Src/app.o
                0x0000000008006b38                mainLoop
 .text.initAppState
                0x0000000008006b58        0xc Impl/Src/appState.o
                0x0000000008006b58                initAppState
 .text.getStateChecksum
                0x0000000008006b64       0x42 Impl/Src/appState.o
                0x0000000008006b64                getStateChecksum
 *fill*         0x0000000008006ba6        0x2 
 .text.SaveState
                0x0000000008006ba8       0x68 Impl/Src/appState.o
                0x0000000008006ba8                SaveState
 .text.LoadState
                0x0000000008006c10       0x6c Impl/Src/appState.o
                0x0000000008006c10                LoadState
 .text.bridgeLeft
                0x0000000008006c7c       0x38 Impl/Src/bridge.o
                0x0000000008006c7c                bridgeLeft
 .text.bridgeRight
                0x0000000008006cb4       0x38 Impl/Src/bridge.o
                0x0000000008006cb4                bridgeRight
 .text.bridgeOff
                0x0000000008006cec       0x38 Impl/Src/bridge.o
                0x0000000008006cec                bridgeOff
 .text.updateButtons
                0x0000000008006d24      0x190 Impl/Src/buttons.o
                0x0000000008006d24                updateButtons
 .text.buttonDown
                0x0000000008006eb4       0x60 Impl/Src/buttons.o
 .text.buttonUp
                0x0000000008006f14       0x78 Impl/Src/buttons.o
 .text.buttonLongDown
                0x0000000008006f8c       0x98 Impl/Src/buttons.o
 .text.buttonUpAfterLongPress
                0x0000000008007024       0x38 Impl/Src/buttons.o
 .text.ee24_isConnected
                0x000000000800705c       0x24 Impl/Src/ee24.o
                0x000000000800705c                ee24_isConnected
 .text.ee24_write
                0x0000000008007080       0xd8 Impl/Src/ee24.o
                0x0000000008007080                ee24_write
 .text.ee24_read
                0x0000000008007158       0x7c Impl/Src/ee24.o
                0x0000000008007158                ee24_read
 .text.initEncoder
                0x00000000080071d4       0x30 Impl/Src/encoder.o
                0x00000000080071d4                initEncoder
 .text.readEncoder
                0x0000000008007204       0x7c Impl/Src/encoder.o
                0x0000000008007204                readEncoder
 .text.FindZero
                0x0000000008007280       0x20 Impl/Src/power.o
                0x0000000008007280                FindZero
 .text.updateCurrent
                0x00000000080072a0       0x78 Impl/Src/power.o
                0x00000000080072a0                updateCurrent
 .text.handleMotorBeep
                0x0000000008007318       0x58 Impl/Src/power.o
 .text.handleFindZero
                0x0000000008007370       0xac Impl/Src/power.o
 .text.updateBridgeState
                0x000000000800741c       0x70 Impl/Src/power.o
 .text.goToPos  0x000000000800748c       0x24 Impl/Src/power.o
                0x000000000800748c                goToPos
 .text.deadTimeStart
                0x00000000080074b0       0x20 Impl/Src/power.o
                0x00000000080074b0                deadTimeStart
 .text.TurnOnLeft
                0x00000000080074d0       0x20 Impl/Src/power.o
                0x00000000080074d0                TurnOnLeft
 .text.TurnOnRight
                0x00000000080074f0       0x20 Impl/Src/power.o
                0x00000000080074f0                TurnOnRight
 .text.motorStop
                0x0000000008007510       0x28 Impl/Src/power.o
                0x0000000008007510                motorStop
 .text.updatePowerMonitor
                0x0000000008007538       0x54 Impl/Src/powerMonitor.o
                0x0000000008007538                updatePowerMonitor
 .text.__libc_init_array
                0x000000000800758c       0x48 d:/program files/stm32cubeide_1.2.0/stm32cubeide/plugins/com.st.stm32cube.ide.mcu.externaltools.gnu-tools-for-stm32.7-2018-q2-update.win32_1.5.0.202011040924/tools/bin/../lib/gcc/arm-none-eabi/7.3.1/../../../../arm-none-eabi/lib/thumb/v7-m\libc_nano.a(lib_a-init.o)
                0x000000000800758c                __libc_init_array
 .text.memset   0x00000000080075d4       0x10 d:/program files/stm32cubeide_1.2.0/stm32cubeide/plugins/com.st.stm32cube.ide.mcu.externaltools.gnu-tools-for-stm32.7-2018-q2-update.win32_1.5.0.202011040924/tools/bin/../lib/gcc/arm-none-eabi/7.3.1/../../../../arm-none-eabi/lib/thumb/v7-m\libc_nano.a(lib_a-memset.o)
                0x00000000080075d4                memset
 *(.glue_7)
 .glue_7        0x00000000080075e4        0x0 linker stubs
 *(.glue_7t)
 .glue_7t       0x00000000080075e4        0x0 linker stubs
 *(.eh_frame)
 .eh_frame      0x00000000080075e4        0x0 d:/program files/stm32cubeide_1.2.0/stm32cubeide/plugins/com.st.stm32cube.ide.mcu.externaltools.gnu-tools-for-stm32.7-2018-q2-update.win32_1.5.0.202011040924/tools/bin/../lib/gcc/arm-none-eabi/7.3.1/thumb/v7-m/crtbegin.o
 *(.init)
 .init          0x00000000080075e4        0x4 d:/program files/stm32cubeide_1.2.0/stm32cubeide/plugins/com.st.stm32cube.ide.mcu.externaltools.gnu-tools-for-stm32.7-2018-q2-update.win32_1.5.0.202011040924/tools/bin/../lib/gcc/arm-none-eabi/7.3.1/thumb/v7-m/crti.o
                0x00000000080075e4                _init
 .init          0x00000000080075e8        0x8 d:/program files/stm32cubeide_1.2.0/stm32cubeide/plugins/com.st.stm32cube.ide.mcu.externaltools.gnu-tools-for-stm32.7-2018-q2-update.win32_1.5.0.202011040924/tools/bin/../lib/gcc/arm-none-eabi/7.3.1/thumb/v7-m/crtn.o
 *(.fini)
 .fini          0x00000000080075f0        0x4 d:/program files/stm32cubeide_1.2.0/stm32cubeide/plugins/com.st.stm32cube.ide.mcu.externaltools.gnu-tools-for-stm32.7-2018-q2-update.win32_1.5.0.202011040924/tools/bin/../lib/gcc/arm-none-eabi/7.3.1/thumb/v7-m/crti.o
                0x00000000080075f0                _fini
 .fini          0x00000000080075f4        0x8 d:/program files/stm32cubeide_1.2.0/stm32cubeide/plugins/com.st.stm32cube.ide.mcu.externaltools.gnu-tools-for-stm32.7-2018-q2-update.win32_1.5.0.202011040924/tools/bin/../lib/gcc/arm-none-eabi/7.3.1/thumb/v7-m/crtn.o
                0x00000000080075fc                . = ALIGN (0x4)
                0x00000000080075fc                _etext = .

.vfp11_veneer   0x00000000080075fc        0x0
 .vfp11_veneer  0x00000000080075fc        0x0 linker stubs

.v4_bx          0x00000000080075fc        0x0
 .v4_bx         0x00000000080075fc        0x0 linker stubs

.iplt           0x00000000080075fc        0x0
 .iplt          0x00000000080075fc        0x0 d:/program files/stm32cubeide_1.2.0/stm32cubeide/plugins/com.st.stm32cube.ide.mcu.externaltools.gnu-tools-for-stm32.7-2018-q2-update.win32_1.5.0.202011040924/tools/bin/../lib/gcc/arm-none-eabi/7.3.1/thumb/v7-m/crtbegin.o

.rodata         0x00000000080075fc       0x40
                0x00000000080075fc                . = ALIGN (0x4)
 *(.rodata)
 .rodata        0x00000000080075fc       0x12 Drivers/STM32F1xx_HAL_Driver/Src/stm32f1xx_hal_rcc.o
 *fill*         0x000000000800760e        0x2 
 .rodata        0x0000000008007610       0x12 Drivers/STM32F1xx_HAL_Driver/Src/stm32f1xx_hal_rcc_ex.o
 *(.rodata*)
 *fill*         0x0000000008007622        0x2 
 .rodata.AHBPrescTable
                0x0000000008007624       0x10 Core/Src/system_stm32f1xx.o
                0x0000000008007624                AHBPrescTable
 .rodata.APBPrescTable
                0x0000000008007634        0x8 Core/Src/system_stm32f1xx.o
                0x0000000008007634                APBPrescTable
                0x000000000800763c                . = ALIGN (0x4)

.rel.dyn        0x000000000800763c        0x0
 .rel.iplt      0x000000000800763c        0x0 d:/program files/stm32cubeide_1.2.0/stm32cubeide/plugins/com.st.stm32cube.ide.mcu.externaltools.gnu-tools-for-stm32.7-2018-q2-update.win32_1.5.0.202011040924/tools/bin/../lib/gcc/arm-none-eabi/7.3.1/thumb/v7-m/crtbegin.o

.ARM.extab      0x000000000800763c        0x0
                0x000000000800763c                . = ALIGN (0x4)
 *(.ARM.extab* .gnu.linkonce.armextab.*)
                0x000000000800763c                . = ALIGN (0x4)

.ARM            0x000000000800763c        0x0
                0x000000000800763c                . = ALIGN (0x4)
                0x000000000800763c                __exidx_start = .
 *(.ARM.exidx*)
                0x000000000800763c                __exidx_end = .
                0x000000000800763c                . = ALIGN (0x4)

.preinit_array  0x000000000800763c        0x0
                0x000000000800763c                . = ALIGN (0x4)
                0x000000000800763c                PROVIDE (__preinit_array_start = .)
 *(.preinit_array*)
                0x000000000800763c                PROVIDE (__preinit_array_end = .)
                0x000000000800763c                . = ALIGN (0x4)

.init_array     0x000000000800763c        0x4
                0x000000000800763c                . = ALIGN (0x4)
                0x000000000800763c                PROVIDE (__init_array_start = .)
 *(SORT_BY_NAME(.init_array.*))
 *(.init_array*)
 .init_array    0x000000000800763c        0x4 d:/program files/stm32cubeide_1.2.0/stm32cubeide/plugins/com.st.stm32cube.ide.mcu.externaltools.gnu-tools-for-stm32.7-2018-q2-update.win32_1.5.0.202011040924/tools/bin/../lib/gcc/arm-none-eabi/7.3.1/thumb/v7-m/crtbegin.o
                0x0000000008007640                PROVIDE (__init_array_end = .)
                0x0000000008007640                . = ALIGN (0x4)

.fini_array     0x0000000008007640        0x4
                0x0000000008007640                . = ALIGN (0x4)
                [!provide]                        PROVIDE (__fini_array_start = .)
 *(SORT_BY_NAME(.fini_array.*))
 *(.fini_array*)
 .fini_array    0x0000000008007640        0x4 d:/program files/stm32cubeide_1.2.0/stm32cubeide/plugins/com.st.stm32cube.ide.mcu.externaltools.gnu-tools-for-stm32.7-2018-q2-update.win32_1.5.0.202011040924/tools/bin/../lib/gcc/arm-none-eabi/7.3.1/thumb/v7-m/crtbegin.o
                [!provide]                        PROVIDE (__fini_array_end = .)
                0x0000000008007644                . = ALIGN (0x4)
                0x0000000008007644                _sidata = LOADADDR (.data)

.data           0x0000000020000000        0xc load address 0x0000000008007644
                0x0000000020000000                . = ALIGN (0x4)
                0x0000000020000000                _sdata = .
 *(.data)
 *(.data*)
 .data.SystemCoreClock
                0x0000000020000000        0x4 Core/Src/system_stm32f1xx.o
                0x0000000020000000                SystemCoreClock
 .data.uwTickPrio
                0x0000000020000004        0x4 Drivers/STM32F1xx_HAL_Driver/Src/stm32f1xx_hal.o
                0x0000000020000004                uwTickPrio
 .data.uwTickFreq
                0x0000000020000008        0x1 Drivers/STM32F1xx_HAL_Driver/Src/stm32f1xx_hal.o
                0x0000000020000008                uwTickFreq
                0x000000002000000c                . = ALIGN (0x4)
 *fill*         0x0000000020000009        0x3 
                0x000000002000000c                _edata = .

.igot.plt       0x000000002000000c        0x0 load address 0x0000000008007650
 .igot.plt      0x000000002000000c        0x0 d:/program files/stm32cubeide_1.2.0/stm32cubeide/plugins/com.st.stm32cube.ide.mcu.externaltools.gnu-tools-for-stm32.7-2018-q2-update.win32_1.5.0.202011040924/tools/bin/../lib/gcc/arm-none-eabi/7.3.1/thumb/v7-m/crtbegin.o
                0x000000002000000c                . = ALIGN (0x4)

.bss            0x000000002000000c      0x250 load address 0x0000000008007650
                0x000000002000000c                _sbss = .
                0x000000002000000c                __bss_start__ = _sbss
 *(.bss)
 .bss           0x000000002000000c       0x1c d:/program files/stm32cubeide_1.2.0/stm32cubeide/plugins/com.st.stm32cube.ide.mcu.externaltools.gnu-tools-for-stm32.7-2018-q2-update.win32_1.5.0.202011040924/tools/bin/../lib/gcc/arm-none-eabi/7.3.1/thumb/v7-m/crtbegin.o
 *(.bss*)
 .bss.buttonPrevState
                0x0000000020000028        0x5 Impl/Src/buttons.o
                0x0000000020000028                buttonPrevState
 *fill*         0x000000002000002d        0x3 
 .bss.buttonState
                0x0000000020000030        0x5 Impl/Src/buttons.o
                0x0000000020000030                buttonState
 *fill*         0x0000000020000035        0x3 
 .bss.buttonTicks
                0x0000000020000038       0x14 Impl/Src/buttons.o
                0x0000000020000038                buttonTicks
 .bss.stopFlag  0x000000002000004c        0x1 Impl/Src/buttons.o
                0x000000002000004c                stopFlag
 .bss.ee24_lock
                0x000000002000004d        0x1 Impl/Src/ee24.o
                0x000000002000004d                ee24_lock
 .bss.deadTimeFlag
                0x000000002000004e        0x1 Impl/Src/power.o
                0x000000002000004e                deadTimeFlag
 *fill*         0x000000002000004f        0x1 
 .bss.deadTimeTicks
                0x0000000020000050        0x4 Impl/Src/power.o
                0x0000000020000050                deadTimeTicks
 .bss.motorBeepTicks
                0x0000000020000054        0x4 Impl/Src/power.o
                0x0000000020000054                motorBeepTicks
 *(COMMON)
 COMMON         0x0000000020000058       0x74 Core/Src/adc.o
                0x0000000020000058                hadc1
                0x0000000020000088                hdma_adc1
 COMMON         0x00000000200000cc       0xdc Core/Src/i2c.o
                0x00000000200000cc                hdma_i2c1_tx
                0x0000000020000110                hi2c1
                0x0000000020000164                hdma_i2c1_rx
 COMMON         0x00000000200001a8       0x90 Core/Src/tim.o
                0x00000000200001a8                htim3
                0x00000000200001f0                htim2
 COMMON         0x0000000020000238        0x4 Drivers/STM32F1xx_HAL_Driver/Src/stm32f1xx_hal.o
                0x0000000020000238                uwTick
 COMMON         0x000000002000023c       0x1a Impl/Src/app.o
                0x000000002000023c                saveStateFlag
                0x0000000020000240                state
 COMMON         0x0000000020000256        0x2 Impl/Src/encoder.o
                0x0000000020000256                motor1_prev_state
                0x0000000020000257                motor1_initial_state
 COMMON         0x0000000020000258        0x4 Impl/Src/power.o
                0x0000000020000258                findZeroTicks
                0x000000002000025c                . = ALIGN (0x4)
                0x000000002000025c                _ebss = .
                0x000000002000025c                __bss_end__ = _ebss

._user_heap_stack
                0x000000002000025c      0x604 load address 0x0000000008007650
                0x0000000020000260                . = ALIGN (0x8)
 *fill*         0x000000002000025c        0x4 
                0x0000000020000260                PROVIDE (end = .)
                [!provide]                        PROVIDE (_end = .)
                0x0000000020000460                . = (. + _Min_Heap_Size)
 *fill*         0x0000000020000260      0x200 
                0x0000000020000860                . = (. + _Min_Stack_Size)
 *fill*         0x0000000020000460      0x400 
                0x0000000020000860                . = ALIGN (0x8)

/DISCARD/
 libc.a(*)
 libm.a(*)
 libgcc.a(*)

.ARM.attributes
                0x0000000000000000       0x29
 *(.ARM.attributes)
 .ARM.attributes
                0x0000000000000000       0x1d d:/program files/stm32cubeide_1.2.0/stm32cubeide/plugins/com.st.stm32cube.ide.mcu.externaltools.gnu-tools-for-stm32.7-2018-q2-update.win32_1.5.0.202011040924/tools/bin/../lib/gcc/arm-none-eabi/7.3.1/thumb/v7-m/crti.o
 .ARM.attributes
                0x000000000000001d       0x2d d:/program files/stm32cubeide_1.2.0/stm32cubeide/plugins/com.st.stm32cube.ide.mcu.externaltools.gnu-tools-for-stm32.7-2018-q2-update.win32_1.5.0.202011040924/tools/bin/../lib/gcc/arm-none-eabi/7.3.1/thumb/v7-m/crtbegin.o
 .ARM.attributes
                0x000000000000004a       0x33 Core/Src/adc.o
 .ARM.attributes
                0x000000000000007d       0x33 Core/Src/dma.o
 .ARM.attributes
                0x00000000000000b0       0x33 Core/Src/gpio.o
 .ARM.attributes
                0x00000000000000e3       0x33 Core/Src/i2c.o
 .ARM.attributes
                0x0000000000000116       0x33 Core/Src/main.o
 .ARM.attributes
                0x0000000000000149       0x33 Core/Src/stm32f1xx_hal_msp.o
 .ARM.attributes
                0x000000000000017c       0x33 Core/Src/stm32f1xx_it.o
 .ARM.attributes
                0x00000000000001af       0x33 Core/Src/system_stm32f1xx.o
 .ARM.attributes
                0x00000000000001e2       0x33 Core/Src/tim.o
 .ARM.attributes
                0x0000000000000215       0x21 Core/Startup/startup_stm32f103rctx.o
 .ARM.attributes
                0x0000000000000236       0x33 Drivers/STM32F1xx_HAL_Driver/Src/stm32f1xx_hal.o
 .ARM.attributes
                0x0000000000000269       0x33 Drivers/STM32F1xx_HAL_Driver/Src/stm32f1xx_hal_adc.o
 .ARM.attributes
                0x000000000000029c       0x33 Drivers/STM32F1xx_HAL_Driver/Src/stm32f1xx_hal_adc_ex.o
 .ARM.attributes
                0x00000000000002cf       0x33 Drivers/STM32F1xx_HAL_Driver/Src/stm32f1xx_hal_cortex.o
 .ARM.attributes
                0x0000000000000302       0x33 Drivers/STM32F1xx_HAL_Driver/Src/stm32f1xx_hal_dma.o
 .ARM.attributes
                0x0000000000000335       0x33 Drivers/STM32F1xx_HAL_Driver/Src/stm32f1xx_hal_gpio.o
 .ARM.attributes
                0x0000000000000368       0x33 Drivers/STM32F1xx_HAL_Driver/Src/stm32f1xx_hal_i2c.o
 .ARM.attributes
                0x000000000000039b       0x33 Drivers/STM32F1xx_HAL_Driver/Src/stm32f1xx_hal_rcc.o
 .ARM.attributes
                0x00000000000003ce       0x33 Drivers/STM32F1xx_HAL_Driver/Src/stm32f1xx_hal_rcc_ex.o
 .ARM.attributes
                0x0000000000000401       0x33 Drivers/STM32F1xx_HAL_Driver/Src/stm32f1xx_hal_tim.o
 .ARM.attributes
                0x0000000000000434       0x33 Drivers/STM32F1xx_HAL_Driver/Src/stm32f1xx_hal_tim_ex.o
 .ARM.attributes
                0x0000000000000467       0x33 Impl/Src/app.o
 .ARM.attributes
                0x000000000000049a       0x33 Impl/Src/appState.o
 .ARM.attributes
                0x00000000000004cd       0x33 Impl/Src/bridge.o
 .ARM.attributes
                0x0000000000000500       0x33 Impl/Src/buttons.o
 .ARM.attributes
                0x0000000000000533       0x33 Impl/Src/ee24.o
 .ARM.attributes
                0x0000000000000566       0x33 Impl/Src/encoder.o
 .ARM.attributes
                0x0000000000000599       0x33 Impl/Src/power.o
 .ARM.attributes
                0x00000000000005cc       0x33 Impl/Src/powerMonitor.o
 .ARM.attributes
                0x00000000000005ff       0x2d d:/program files/stm32cubeide_1.2.0/stm32cubeide/plugins/com.st.stm32cube.ide.mcu.externaltools.gnu-tools-for-stm32.7-2018-q2-update.win32_1.5.0.202011040924/tools/bin/../lib/gcc/arm-none-eabi/7.3.1/../../../../arm-none-eabi/lib/thumb/v7-m\libc_nano.a(lib_a-init.o)
 .ARM.attributes
                0x000000000000062c       0x2d d:/program files/stm32cubeide_1.2.0/stm32cubeide/plugins/com.st.stm32cube.ide.mcu.externaltools.gnu-tools-for-stm32.7-2018-q2-update.win32_1.5.0.202011040924/tools/bin/../lib/gcc/arm-none-eabi/7.3.1/../../../../arm-none-eabi/lib/thumb/v7-m\libc_nano.a(lib_a-memset.o)
 .ARM.attributes
                0x0000000000000659       0x1d d:/program files/stm32cubeide_1.2.0/stm32cubeide/plugins/com.st.stm32cube.ide.mcu.externaltools.gnu-tools-for-stm32.7-2018-q2-update.win32_1.5.0.202011040924/tools/bin/../lib/gcc/arm-none-eabi/7.3.1/thumb/v7-m/crtn.o
OUTPUT(Table.elf elf32-littlearm)

.debug_info     0x0000000000000000    0x12258
 .debug_info    0x0000000000000000      0x9b6 Core/Src/adc.o
 .debug_info    0x00000000000009b6      0x3de Core/Src/dma.o
 .debug_info    0x0000000000000d94      0x35d Core/Src/gpio.o
 .debug_info    0x00000000000010f1      0xa10 Core/Src/i2c.o
 .debug_info    0x0000000000001b01      0xd3a Core/Src/main.o
 .debug_info    0x000000000000283b      0x2d6 Core/Src/stm32f1xx_hal_msp.o
 .debug_info    0x0000000000002b11      0xc90 Core/Src/stm32f1xx_it.o
 .debug_info    0x00000000000037a1      0x29a Core/Src/system_stm32f1xx.o
 .debug_info    0x0000000000003a3b      0xc04 Core/Src/tim.o
 .debug_info    0x000000000000463f       0x22 Core/Startup/startup_stm32f103rctx.o
 .debug_info    0x0000000000004661      0x77a Drivers/STM32F1xx_HAL_Driver/Src/stm32f1xx_hal.o
 .debug_info    0x0000000000004ddb      0xc6c Drivers/STM32F1xx_HAL_Driver/Src/stm32f1xx_hal_adc.o
 .debug_info    0x0000000000005a47      0xa06 Drivers/STM32F1xx_HAL_Driver/Src/stm32f1xx_hal_adc_ex.o
 .debug_info    0x000000000000644d      0xbb7 Drivers/STM32F1xx_HAL_Driver/Src/stm32f1xx_hal_cortex.o
 .debug_info    0x0000000000007004      0x7b1 Drivers/STM32F1xx_HAL_Driver/Src/stm32f1xx_hal_dma.o
 .debug_info    0x00000000000077b5      0x69b Drivers/STM32F1xx_HAL_Driver/Src/stm32f1xx_hal_gpio.o
 .debug_info    0x0000000000007e50     0x2555 Drivers/STM32F1xx_HAL_Driver/Src/stm32f1xx_hal_i2c.o
 .debug_info    0x000000000000a3a5      0x80f Drivers/STM32F1xx_HAL_Driver/Src/stm32f1xx_hal_rcc.o
 .debug_info    0x000000000000abb4      0x45e Drivers/STM32F1xx_HAL_Driver/Src/stm32f1xx_hal_rcc_ex.o
 .debug_info    0x000000000000b012     0x27ef Drivers/STM32F1xx_HAL_Driver/Src/stm32f1xx_hal_tim.o
 .debug_info    0x000000000000d801     0x136f Drivers/STM32F1xx_HAL_Driver/Src/stm32f1xx_hal_tim_ex.o
 .debug_info    0x000000000000eb70      0x854 Impl/Src/app.o
 .debug_info    0x000000000000f3c4      0x894 Impl/Src/appState.o
 .debug_info    0x000000000000fc58      0x778 Impl/Src/bridge.o
 .debug_info    0x00000000000103d0      0x49f Impl/Src/buttons.o
 .debug_info    0x000000000001086f      0x789 Impl/Src/ee24.o
 .debug_info    0x0000000000010ff8      0x3cf Impl/Src/encoder.o
 .debug_info    0x00000000000113c7      0xb13 Impl/Src/power.o
 .debug_info    0x0000000000011eda      0x37e Impl/Src/powerMonitor.o

.debug_abbrev   0x0000000000000000     0x2f3e
 .debug_abbrev  0x0000000000000000      0x1b3 Core/Src/adc.o
 .debug_abbrev  0x00000000000001b3      0x107 Core/Src/dma.o
 .debug_abbrev  0x00000000000002ba      0x134 Core/Src/gpio.o
 .debug_abbrev  0x00000000000003ee      0x1b3 Core/Src/i2c.o
 .debug_abbrev  0x00000000000005a1      0x194 Core/Src/main.o
 .debug_abbrev  0x0000000000000735      0x109 Core/Src/stm32f1xx_hal_msp.o
 .debug_abbrev  0x000000000000083e      0x181 Core/Src/stm32f1xx_it.o
 .debug_abbrev  0x00000000000009bf      0x134 Core/Src/system_stm32f1xx.o
 .debug_abbrev  0x0000000000000af3      0x1b3 Core/Src/tim.o
 .debug_abbrev  0x0000000000000ca6       0x12 Core/Startup/startup_stm32f103rctx.o
 .debug_abbrev  0x0000000000000cb8      0x1c7 Drivers/STM32F1xx_HAL_Driver/Src/stm32f1xx_hal.o
 .debug_abbrev  0x0000000000000e7f      0x1d5 Drivers/STM32F1xx_HAL_Driver/Src/stm32f1xx_hal_adc.o
 .debug_abbrev  0x0000000000001054      0x1f5 Drivers/STM32F1xx_HAL_Driver/Src/stm32f1xx_hal_adc_ex.o
 .debug_abbrev  0x0000000000001249      0x2d5 Drivers/STM32F1xx_HAL_Driver/Src/stm32f1xx_hal_cortex.o
 .debug_abbrev  0x000000000000151e      0x1fe Drivers/STM32F1xx_HAL_Driver/Src/stm32f1xx_hal_dma.o
 .debug_abbrev  0x000000000000171c      0x1c0 Drivers/STM32F1xx_HAL_Driver/Src/stm32f1xx_hal_gpio.o
 .debug_abbrev  0x00000000000018dc      0x258 Drivers/STM32F1xx_HAL_Driver/Src/stm32f1xx_hal_i2c.o
 .debug_abbrev  0x0000000000001b34      0x243 Drivers/STM32F1xx_HAL_Driver/Src/stm32f1xx_hal_rcc.o
 .debug_abbrev  0x0000000000001d77      0x175 Drivers/STM32F1xx_HAL_Driver/Src/stm32f1xx_hal_rcc_ex.o
 .debug_abbrev  0x0000000000001eec      0x230 Drivers/STM32F1xx_HAL_Driver/Src/stm32f1xx_hal_tim.o
 .debug_abbrev  0x000000000000211c      0x236 Drivers/STM32F1xx_HAL_Driver/Src/stm32f1xx_hal_tim_ex.o
 .debug_abbrev  0x0000000000002352      0x166 Impl/Src/app.o
 .debug_abbrev  0x00000000000024b8      0x1c1 Impl/Src/appState.o
 .debug_abbrev  0x0000000000002679      0x142 Impl/Src/bridge.o
 .debug_abbrev  0x00000000000027bb      0x167 Impl/Src/buttons.o
 .debug_abbrev  0x0000000000002922      0x19c Impl/Src/ee24.o
 .debug_abbrev  0x0000000000002abe      0x151 Impl/Src/encoder.o
 .debug_abbrev  0x0000000000002c0f      0x207 Impl/Src/power.o
 .debug_abbrev  0x0000000000002e16      0x128 Impl/Src/powerMonitor.o

.debug_aranges  0x0000000000000000     0x10a0
 .debug_aranges
                0x0000000000000000       0x30 Core/Src/adc.o
 .debug_aranges
                0x0000000000000030       0x20 Core/Src/dma.o
 .debug_aranges
                0x0000000000000050       0x20 Core/Src/gpio.o
 .debug_aranges
                0x0000000000000070       0x30 Core/Src/i2c.o
 .debug_aranges
                0x00000000000000a0       0x30 Core/Src/main.o
 .debug_aranges
                0x00000000000000d0       0x20 Core/Src/stm32f1xx_hal_msp.o
 .debug_aranges
                0x00000000000000f0       0xa0 Core/Src/stm32f1xx_it.o
 .debug_aranges
                0x0000000000000190       0x28 Core/Src/system_stm32f1xx.o
 .debug_aranges
                0x00000000000001b8       0x40 Core/Src/tim.o
 .debug_aranges
                0x00000000000001f8       0x28 Core/Startup/startup_stm32f103rctx.o
 .debug_aranges
                0x0000000000000220       0xe0 Drivers/STM32F1xx_HAL_Driver/Src/stm32f1xx_hal.o
 .debug_aranges
                0x0000000000000300       0xf0 Drivers/STM32F1xx_HAL_Driver/Src/stm32f1xx_hal_adc.o
 .debug_aranges
                0x00000000000003f0       0x80 Drivers/STM32F1xx_HAL_Driver/Src/stm32f1xx_hal_adc_ex.o
 .debug_aranges
                0x0000000000000470      0x100 Drivers/STM32F1xx_HAL_Driver/Src/stm32f1xx_hal_cortex.o
 .debug_aranges
                0x0000000000000570       0x80 Drivers/STM32F1xx_HAL_Driver/Src/stm32f1xx_hal_dma.o
 .debug_aranges
                0x00000000000005f0       0x58 Drivers/STM32F1xx_HAL_Driver/Src/stm32f1xx_hal_gpio.o
 .debug_aranges
                0x0000000000000648      0x2a0 Drivers/STM32F1xx_HAL_Driver/Src/stm32f1xx_hal_i2c.o
 .debug_aranges
                0x00000000000008e8       0x90 Drivers/STM32F1xx_HAL_Driver/Src/stm32f1xx_hal_rcc.o
 .debug_aranges
                0x0000000000000978       0x30 Drivers/STM32F1xx_HAL_Driver/Src/stm32f1xx_hal_rcc_ex.o
 .debug_aranges
                0x00000000000009a8      0x3d0 Drivers/STM32F1xx_HAL_Driver/Src/stm32f1xx_hal_tim.o
 .debug_aranges
                0x0000000000000d78      0x168 Drivers/STM32F1xx_HAL_Driver/Src/stm32f1xx_hal_tim_ex.o
 .debug_aranges
                0x0000000000000ee0       0x30 Impl/Src/app.o
 .debug_aranges
                0x0000000000000f10       0x38 Impl/Src/appState.o
 .debug_aranges
                0x0000000000000f48       0x30 Impl/Src/bridge.o
 .debug_aranges
                0x0000000000000f78       0x40 Impl/Src/buttons.o
 .debug_aranges
                0x0000000000000fb8       0x38 Impl/Src/ee24.o
 .debug_aranges
                0x0000000000000ff0       0x28 Impl/Src/encoder.o
 .debug_aranges
                0x0000000000001018       0x68 Impl/Src/power.o
 .debug_aranges
                0x0000000000001080       0x20 Impl/Src/powerMonitor.o

.debug_ranges   0x0000000000000000      0xf00
 .debug_ranges  0x0000000000000000       0x20 Core/Src/adc.o
 .debug_ranges  0x0000000000000020       0x10 Core/Src/dma.o
 .debug_ranges  0x0000000000000030       0x10 Core/Src/gpio.o
 .debug_ranges  0x0000000000000040       0x20 Core/Src/i2c.o
 .debug_ranges  0x0000000000000060       0x20 Core/Src/main.o
 .debug_ranges  0x0000000000000080       0x10 Core/Src/stm32f1xx_hal_msp.o
 .debug_ranges  0x0000000000000090       0x90 Core/Src/stm32f1xx_it.o
 .debug_ranges  0x0000000000000120       0x18 Core/Src/system_stm32f1xx.o
 .debug_ranges  0x0000000000000138       0x30 Core/Src/tim.o
 .debug_ranges  0x0000000000000168       0x20 Core/Startup/startup_stm32f103rctx.o
 .debug_ranges  0x0000000000000188       0xd0 Drivers/STM32F1xx_HAL_Driver/Src/stm32f1xx_hal.o
 .debug_ranges  0x0000000000000258       0xe0 Drivers/STM32F1xx_HAL_Driver/Src/stm32f1xx_hal_adc.o
 .debug_ranges  0x0000000000000338       0x70 Drivers/STM32F1xx_HAL_Driver/Src/stm32f1xx_hal_adc_ex.o
 .debug_ranges  0x00000000000003a8       0xf0 Drivers/STM32F1xx_HAL_Driver/Src/stm32f1xx_hal_cortex.o
 .debug_ranges  0x0000000000000498       0x70 Drivers/STM32F1xx_HAL_Driver/Src/stm32f1xx_hal_dma.o
 .debug_ranges  0x0000000000000508       0x48 Drivers/STM32F1xx_HAL_Driver/Src/stm32f1xx_hal_gpio.o
 .debug_ranges  0x0000000000000550      0x2b8 Drivers/STM32F1xx_HAL_Driver/Src/stm32f1xx_hal_i2c.o
 .debug_ranges  0x0000000000000808       0x80 Drivers/STM32F1xx_HAL_Driver/Src/stm32f1xx_hal_rcc.o
 .debug_ranges  0x0000000000000888       0x20 Drivers/STM32F1xx_HAL_Driver/Src/stm32f1xx_hal_rcc_ex.o
 .debug_ranges  0x00000000000008a8      0x3c0 Drivers/STM32F1xx_HAL_Driver/Src/stm32f1xx_hal_tim.o
 .debug_ranges  0x0000000000000c68      0x158 Drivers/STM32F1xx_HAL_Driver/Src/stm32f1xx_hal_tim_ex.o
 .debug_ranges  0x0000000000000dc0       0x20 Impl/Src/app.o
 .debug_ranges  0x0000000000000de0       0x28 Impl/Src/appState.o
 .debug_ranges  0x0000000000000e08       0x20 Impl/Src/bridge.o
 .debug_ranges  0x0000000000000e28       0x30 Impl/Src/buttons.o
 .debug_ranges  0x0000000000000e58       0x28 Impl/Src/ee24.o
 .debug_ranges  0x0000000000000e80       0x18 Impl/Src/encoder.o
 .debug_ranges  0x0000000000000e98       0x58 Impl/Src/power.o
 .debug_ranges  0x0000000000000ef0       0x10 Impl/Src/powerMonitor.o

.debug_macro    0x0000000000000000    0x1b289
 .debug_macro   0x0000000000000000      0x1d0 Core/Src/adc.o
 .debug_macro   0x00000000000001d0      0xa5a Core/Src/adc.o
 .debug_macro   0x0000000000000c2a      0x227 Core/Src/adc.o
 .debug_macro   0x0000000000000e51       0x2e Core/Src/adc.o
 .debug_macro   0x0000000000000e7f       0x22 Core/Src/adc.o
 .debug_macro   0x0000000000000ea1       0x22 Core/Src/adc.o
 .debug_macro   0x0000000000000ec3       0x8e Core/Src/adc.o
 .debug_macro   0x0000000000000f51       0x51 Core/Src/adc.o
 .debug_macro   0x0000000000000fa2       0xef Core/Src/adc.o
 .debug_macro   0x0000000000001091       0x6a Core/Src/adc.o
 .debug_macro   0x00000000000010fb      0x1df Core/Src/adc.o
 .debug_macro   0x00000000000012da       0x1c Core/Src/adc.o
 .debug_macro   0x00000000000012f6       0x22 Core/Src/adc.o
 .debug_macro   0x0000000000001318       0xc3 Core/Src/adc.o
 .debug_macro   0x00000000000013db      0xd23 Core/Src/adc.o
 .debug_macro   0x00000000000020fe     0xfd85 Core/Src/adc.o
 .debug_macro   0x0000000000011e83       0x43 Core/Src/adc.o
 .debug_macro   0x0000000000011ec6     0x3468 Core/Src/adc.o
 .debug_macro   0x000000000001532e      0x174 Core/Src/adc.o
 .debug_macro   0x00000000000154a2       0x5c Core/Src/adc.o
 .debug_macro   0x00000000000154fe      0x5be Core/Src/adc.o
 .debug_macro   0x0000000000015abc      0x4d5 Core/Src/adc.o
 .debug_macro   0x0000000000015f91      0x1cb Core/Src/adc.o
 .debug_macro   0x000000000001615c      0x114 Core/Src/adc.o
 .debug_macro   0x0000000000016270      0x1ea Core/Src/adc.o
 .debug_macro   0x000000000001645a       0x27 Core/Src/adc.o
 .debug_macro   0x0000000000016481      0x144 Core/Src/adc.o
 .debug_macro   0x00000000000165c5      0x1bc Core/Src/adc.o
 .debug_macro   0x0000000000016781       0x30 Core/Src/adc.o
 .debug_macro   0x00000000000167b1       0x3c Core/Src/adc.o
 .debug_macro   0x00000000000167ed       0x57 Core/Src/adc.o
 .debug_macro   0x0000000000016844      0x46a Core/Src/adc.o
 .debug_macro   0x0000000000016cae      0x25d Core/Src/adc.o
 .debug_macro   0x0000000000016f0b       0x88 Core/Src/adc.o
 .debug_macro   0x0000000000016f93      0x24f Core/Src/adc.o
 .debug_macro   0x00000000000171e2      0x287 Core/Src/adc.o
 .debug_macro   0x0000000000017469      0x141 Core/Src/adc.o
 .debug_macro   0x00000000000175aa      0x8d1 Core/Src/adc.o
 .debug_macro   0x0000000000017e7b       0xb5 Core/Src/adc.o
 .debug_macro   0x0000000000017f30       0xa0 Core/Src/adc.o
 .debug_macro   0x0000000000017fd0      0x1d0 Core/Src/dma.o
 .debug_macro   0x00000000000181a0      0x1d0 Core/Src/gpio.o
 .debug_macro   0x0000000000018370      0x1d0 Core/Src/i2c.o
 .debug_macro   0x0000000000018540      0x206 Core/Src/main.o
 .debug_macro   0x0000000000018746      0x1c6 Core/Src/stm32f1xx_hal_msp.o
 .debug_macro   0x000000000001890c      0x1da Core/Src/stm32f1xx_it.o
 .debug_macro   0x0000000000018ae6      0x1b7 Core/Src/system_stm32f1xx.o
 .debug_macro   0x0000000000018c9d      0x1d0 Core/Src/tim.o
 .debug_macro   0x0000000000018e6d      0x1db Drivers/STM32F1xx_HAL_Driver/Src/stm32f1xx_hal.o
 .debug_macro   0x0000000000019048      0x1d4 Drivers/STM32F1xx_HAL_Driver/Src/stm32f1xx_hal_adc.o
 .debug_macro   0x000000000001921c      0x1c9 Drivers/STM32F1xx_HAL_Driver/Src/stm32f1xx_hal_adc_ex.o
 .debug_macro   0x00000000000193e5      0x1b7 Drivers/STM32F1xx_HAL_Driver/Src/stm32f1xx_hal_cortex.o
 .debug_macro   0x000000000001959c      0x1b7 Drivers/STM32F1xx_HAL_Driver/Src/stm32f1xx_hal_dma.o
 .debug_macro   0x0000000000019753      0x222 Drivers/STM32F1xx_HAL_Driver/Src/stm32f1xx_hal_gpio.o
 .debug_macro   0x0000000000019975      0x1fe Drivers/STM32F1xx_HAL_Driver/Src/stm32f1xx_hal_i2c.o
 .debug_macro   0x0000000000019b73      0x1c9 Drivers/STM32F1xx_HAL_Driver/Src/stm32f1xx_hal_rcc.o
 .debug_macro   0x0000000000019d3c      0x1b7 Drivers/STM32F1xx_HAL_Driver/Src/stm32f1xx_hal_rcc_ex.o
 .debug_macro   0x0000000000019ef3      0x1b8 Drivers/STM32F1xx_HAL_Driver/Src/stm32f1xx_hal_tim.o
 .debug_macro   0x000000000001a0ab      0x1b7 Drivers/STM32F1xx_HAL_Driver/Src/stm32f1xx_hal_tim_ex.o
 .debug_macro   0x000000000001a262      0x215 Impl/Src/app.o
 .debug_macro   0x000000000001a477       0x22 Impl/Src/app.o
 .debug_macro   0x000000000001a499      0x1fa Impl/Src/appState.o
 .debug_macro   0x000000000001a693       0x28 Impl/Src/appState.o
 .debug_macro   0x000000000001a6bb      0x1e8 Impl/Src/bridge.o
 .debug_macro   0x000000000001a8a3      0x1f7 Impl/Src/buttons.o
 .debug_macro   0x000000000001aa9a      0x1fc Impl/Src/ee24.o
 .debug_macro   0x000000000001ac96      0x1ed Impl/Src/encoder.o
 .debug_macro   0x000000000001ae83      0x20f Impl/Src/power.o
 .debug_macro   0x000000000001b092      0x1f7 Impl/Src/powerMonitor.o

.debug_line     0x0000000000000000    0x120b1
 .debug_line    0x0000000000000000      0x714 Core/Src/adc.o
 .debug_line    0x0000000000000714      0x6d2 Core/Src/dma.o
 .debug_line    0x0000000000000de6      0x6e3 Core/Src/gpio.o
 .debug_line    0x00000000000014c9      0x721 Core/Src/i2c.o
 .debug_line    0x0000000000001bea      0x74d Core/Src/main.o
 .debug_line    0x0000000000002337      0x6d4 Core/Src/stm32f1xx_hal_msp.o
 .debug_line    0x0000000000002a0b      0x81d Core/Src/stm32f1xx_it.o
 .debug_line    0x0000000000003228      0x6fb Core/Src/system_stm32f1xx.o
 .debug_line    0x0000000000003923      0x75b Core/Src/tim.o
 .debug_line    0x000000000000407e       0x84 Core/Startup/startup_stm32f103rctx.o
 .debug_line    0x0000000000004102      0x8ae Drivers/STM32F1xx_HAL_Driver/Src/stm32f1xx_hal.o
 .debug_line    0x00000000000049b0      0xc15 Drivers/STM32F1xx_HAL_Driver/Src/stm32f1xx_hal_adc.o
 .debug_line    0x00000000000055c5      0xa5d Drivers/STM32F1xx_HAL_Driver/Src/stm32f1xx_hal_adc_ex.o
 .debug_line    0x0000000000006022      0x985 Drivers/STM32F1xx_HAL_Driver/Src/stm32f1xx_hal_cortex.o
 .debug_line    0x00000000000069a7      0xf95 Drivers/STM32F1xx_HAL_Driver/Src/stm32f1xx_hal_dma.o
 .debug_line    0x000000000000793c      0x8d2 Drivers/STM32F1xx_HAL_Driver/Src/stm32f1xx_hal_gpio.o
 .debug_line    0x000000000000820e     0x1c54 Drivers/STM32F1xx_HAL_Driver/Src/stm32f1xx_hal_i2c.o
 .debug_line    0x0000000000009e62      0x96e Drivers/STM32F1xx_HAL_Driver/Src/stm32f1xx_hal_rcc.o
 .debug_line    0x000000000000a7d0      0x792 Drivers/STM32F1xx_HAL_Driver/Src/stm32f1xx_hal_rcc_ex.o
 .debug_line    0x000000000000af62     0x2236 Drivers/STM32F1xx_HAL_Driver/Src/stm32f1xx_hal_tim.o
 .debug_line    0x000000000000d198     0x1379 Drivers/STM32F1xx_HAL_Driver/Src/stm32f1xx_hal_tim_ex.o
 .debug_line    0x000000000000e511      0x75c Impl/Src/app.o
 .debug_line    0x000000000000ec6d      0x763 Impl/Src/appState.o
 .debug_line    0x000000000000f3d0      0x71a Impl/Src/bridge.o
 .debug_line    0x000000000000faea      0x800 Impl/Src/buttons.o
 .debug_line    0x00000000000102ea      0x760 Impl/Src/ee24.o
 .debug_line    0x0000000000010a4a      0x722 Impl/Src/encoder.o
 .debug_line    0x000000000001116c      0x827 Impl/Src/power.o
 .debug_line    0x0000000000011993      0x71e Impl/Src/powerMonitor.o

.debug_str      0x0000000000000000    0x9ab3c
 .debug_str     0x0000000000000000    0x96791 Core/Src/adc.o
                                      0x96cfc (size before relaxing)
 .debug_str     0x0000000000096791       0x29 Core/Src/dma.o
                                      0x96905 (size before relaxing)
 .debug_str     0x00000000000967ba       0x48 Core/Src/gpio.o
                                      0x965c7 (size before relaxing)
 .debug_str     0x0000000000096802      0x2b7 Core/Src/i2c.o
                                      0x96e25 (size before relaxing)
 .debug_str     0x0000000000096ab9      0x468 Core/Src/main.o
                                      0x96faf (size before relaxing)
 .debug_str     0x0000000000096f21       0x5a Core/Src/stm32f1xx_hal_msp.o
                                      0x9657d (size before relaxing)
 .debug_str     0x0000000000096f7b      0x14e Core/Src/stm32f1xx_it.o
                                      0x96ef4 (size before relaxing)
 .debug_str     0x00000000000970c9       0x52 Core/Src/system_stm32f1xx.o
                                      0x9628f (size before relaxing)
 .debug_str     0x000000000009711b      0x187 Core/Src/tim.o
                                      0x96fb7 (size before relaxing)
 .debug_str     0x00000000000972a2       0x36 Core/Startup/startup_stm32f103rctx.o
                                         0x58 (size before relaxing)
 .debug_str     0x00000000000972d8      0x304 Drivers/STM32F1xx_HAL_Driver/Src/stm32f1xx_hal.o
                                      0x96a04 (size before relaxing)
 .debug_str     0x00000000000975dc      0x35c Drivers/STM32F1xx_HAL_Driver/Src/stm32f1xx_hal_adc.o
                                      0x9691f (size before relaxing)
 .debug_str     0x0000000000097938      0x2fb Drivers/STM32F1xx_HAL_Driver/Src/stm32f1xx_hal_adc_ex.o
                                      0x968d4 (size before relaxing)
 .debug_str     0x0000000000097c33      0x300 Drivers/STM32F1xx_HAL_Driver/Src/stm32f1xx_hal_cortex.o
                                      0x96a0c (size before relaxing)
 .debug_str     0x0000000000097f33      0x235 Drivers/STM32F1xx_HAL_Driver/Src/stm32f1xx_hal_dma.o
                                      0x9666a (size before relaxing)
 .debug_str     0x0000000000098168      0x31f Drivers/STM32F1xx_HAL_Driver/Src/stm32f1xx_hal_gpio.o
                                      0x96653 (size before relaxing)
 .debug_str     0x0000000000098487      0xb55 Drivers/STM32F1xx_HAL_Driver/Src/stm32f1xx_hal_i2c.o
                                      0x972cb (size before relaxing)
 .debug_str     0x0000000000098fdc      0x244 Drivers/STM32F1xx_HAL_Driver/Src/stm32f1xx_hal_rcc.o
                                      0x9668c (size before relaxing)
 .debug_str     0x0000000000099220       0xb9 Drivers/STM32F1xx_HAL_Driver/Src/stm32f1xx_hal_rcc_ex.o
                                      0x9643f (size before relaxing)
 .debug_str     0x00000000000992d9      0xd7d Drivers/STM32F1xx_HAL_Driver/Src/stm32f1xx_hal_tim.o
                                      0x9765e (size before relaxing)
 .debug_str     0x000000000009a056      0x517 Drivers/STM32F1xx_HAL_Driver/Src/stm32f1xx_hal_tim_ex.o
                                      0x96e38 (size before relaxing)
 .debug_str     0x000000000009a56d      0x1f0 Impl/Src/app.o
                                      0x96bd5 (size before relaxing)
 .debug_str     0x000000000009a75d       0xf4 Impl/Src/appState.o
                                      0x96c0b (size before relaxing)
 .debug_str     0x000000000009a851       0x3f Impl/Src/bridge.o
                                      0x96a3a (size before relaxing)
 .debug_str     0x000000000009a890       0xa7 Impl/Src/buttons.o
                                      0x967aa (size before relaxing)
 .debug_str     0x000000000009a937       0xa5 Impl/Src/ee24.o
                                      0x96afe (size before relaxing)
 .debug_str     0x000000000009a9dc       0x68 Impl/Src/encoder.o
                                      0x96770 (size before relaxing)
 .debug_str     0x000000000009aa44       0xca Impl/Src/power.o
                                      0x96d96 (size before relaxing)
 .debug_str     0x000000000009ab0e       0x2e Impl/Src/powerMonitor.o
                                      0x96737 (size before relaxing)

.comment        0x0000000000000000       0x7b
 .comment       0x0000000000000000       0x7b Core/Src/adc.o
                                         0x7c (size before relaxing)
 .comment       0x000000000000007b       0x7c Core/Src/dma.o
 .comment       0x000000000000007b       0x7c Core/Src/gpio.o
 .comment       0x000000000000007b       0x7c Core/Src/i2c.o
 .comment       0x000000000000007b       0x7c Core/Src/main.o
 .comment       0x000000000000007b       0x7c Core/Src/stm32f1xx_hal_msp.o
 .comment       0x000000000000007b       0x7c Core/Src/stm32f1xx_it.o
 .comment       0x000000000000007b       0x7c Core/Src/system_stm32f1xx.o
 .comment       0x000000000000007b       0x7c Core/Src/tim.o
 .comment       0x000000000000007b       0x7c Drivers/STM32F1xx_HAL_Driver/Src/stm32f1xx_hal.o
 .comment       0x000000000000007b       0x7c Drivers/STM32F1xx_HAL_Driver/Src/stm32f1xx_hal_adc.o
 .comment       0x000000000000007b       0x7c Drivers/STM32F1xx_HAL_Driver/Src/stm32f1xx_hal_adc_ex.o
 .comment       0x000000000000007b       0x7c Drivers/STM32F1xx_HAL_Driver/Src/stm32f1xx_hal_cortex.o
 .comment       0x000000000000007b       0x7c Drivers/STM32F1xx_HAL_Driver/Src/stm32f1xx_hal_dma.o
 .comment       0x000000000000007b       0x7c Drivers/STM32F1xx_HAL_Driver/Src/stm32f1xx_hal_gpio.o
 .comment       0x000000000000007b       0x7c Drivers/STM32F1xx_HAL_Driver/Src/stm32f1xx_hal_i2c.o
 .comment       0x000000000000007b       0x7c Drivers/STM32F1xx_HAL_Driver/Src/stm32f1xx_hal_rcc.o
 .comment       0x000000000000007b       0x7c Drivers/STM32F1xx_HAL_Driver/Src/stm32f1xx_hal_rcc_ex.o
 .comment       0x000000000000007b       0x7c Drivers/STM32F1xx_HAL_Driver/Src/stm32f1xx_hal_tim.o
 .comment       0x000000000000007b       0x7c Drivers/STM32F1xx_HAL_Driver/Src/stm32f1xx_hal_tim_ex.o
 .comment       0x000000000000007b       0x7c Impl/Src/app.o
 .comment       0x000000000000007b       0x7c Impl/Src/appState.o
 .comment       0x000000000000007b       0x7c Impl/Src/bridge.o
 .comment       0x000000000000007b       0x7c Impl/Src/buttons.o
 .comment       0x000000000000007b       0x7c Impl/Src/ee24.o
 .comment       0x000000000000007b       0x7c Impl/Src/encoder.o
 .comment       0x000000000000007b       0x7c Impl/Src/power.o
 .comment       0x000000000000007b       0x7c Impl/Src/powerMonitor.o

.debug_frame    0x0000000000000000     0x4180
 .debug_frame   0x0000000000000000       0x7c Core/Src/adc.o
 .debug_frame   0x000000000000007c       0x34 Core/Src/dma.o
 .debug_frame   0x00000000000000b0       0x34 Core/Src/gpio.o
 .debug_frame   0x00000000000000e4       0x74 Core/Src/i2c.o
 .debug_frame   0x0000000000000158       0x70 Core/Src/main.o
 .debug_frame   0x00000000000001c8       0x38 Core/Src/stm32f1xx_hal_msp.o
 .debug_frame   0x0000000000000200      0x1ec Core/Src/stm32f1xx_it.o
 .debug_frame   0x00000000000003ec       0x58 Core/Src/system_stm32f1xx.o
 .debug_frame   0x0000000000000444       0xc4 Core/Src/tim.o
 .debug_frame   0x0000000000000508      0x334 Drivers/STM32F1xx_HAL_Driver/Src/stm32f1xx_hal.o
 .debug_frame   0x000000000000083c      0x40c Drivers/STM32F1xx_HAL_Driver/Src/stm32f1xx_hal_adc.o
 .debug_frame   0x0000000000000c48      0x204 Drivers/STM32F1xx_HAL_Driver/Src/stm32f1xx_hal_adc_ex.o
 .debug_frame   0x0000000000000e4c      0x428 Drivers/STM32F1xx_HAL_Driver/Src/stm32f1xx_hal_cortex.o
 .debug_frame   0x0000000000001274      0x20c Drivers/STM32F1xx_HAL_Driver/Src/stm32f1xx_hal_dma.o
 .debug_frame   0x0000000000001480      0x14c Drivers/STM32F1xx_HAL_Driver/Src/stm32f1xx_hal_gpio.o
 .debug_frame   0x00000000000015cc      0xc54 Drivers/STM32F1xx_HAL_Driver/Src/stm32f1xx_hal_i2c.o
 .debug_frame   0x0000000000002220      0x21c Drivers/STM32F1xx_HAL_Driver/Src/stm32f1xx_hal_rcc.o
 .debug_frame   0x000000000000243c       0x84 Drivers/STM32F1xx_HAL_Driver/Src/stm32f1xx_hal_rcc_ex.o
 .debug_frame   0x00000000000024c0     0x11bc Drivers/STM32F1xx_HAL_Driver/Src/stm32f1xx_hal_tim.o
 .debug_frame   0x000000000000367c      0x638 Drivers/STM32F1xx_HAL_Driver/Src/stm32f1xx_hal_tim_ex.o
 .debug_frame   0x0000000000003cb4       0x64 Impl/Src/app.o
 .debug_frame   0x0000000000003d18       0x9c Impl/Src/appState.o
 .debug_frame   0x0000000000003db4       0x64 Impl/Src/bridge.o
 .debug_frame   0x0000000000003e18       0xc4 Impl/Src/buttons.o
 .debug_frame   0x0000000000003edc       0xa0 Impl/Src/ee24.o
 .debug_frame   0x0000000000003f7c       0x50 Impl/Src/encoder.o
 .debug_frame   0x0000000000003fcc      0x13c Impl/Src/power.o
 .debug_frame   0x0000000000004108       0x2c Impl/Src/powerMonitor.o
 .debug_frame   0x0000000000004134       0x2c d:/program files/stm32cubeide_1.2.0/stm32cubeide/plugins/com.st.stm32cube.ide.mcu.externaltools.gnu-tools-for-stm32.7-2018-q2-update.win32_1.5.0.202011040924/tools/bin/../lib/gcc/arm-none-eabi/7.3.1/../../../../arm-none-eabi/lib/thumb/v7-m\libc_nano.a(lib_a-init.o)
 .debug_frame   0x0000000000004160       0x20 d:/program files/stm32cubeide_1.2.0/stm32cubeide/plugins/com.st.stm32cube.ide.mcu.externaltools.gnu-tools-for-stm32.7-2018-q2-update.win32_1.5.0.202011040924/tools/bin/../lib/gcc/arm-none-eabi/7.3.1/../../../../arm-none-eabi/lib/thumb/v7-m\libc_nano.a(lib_a-memset.o)
